Component: ARM Compiler 5.06 update 7 (build 960) Tool: armlink [4d3601]

==============================================================================

Section Cross References

    startup_stm32f103xb.o(RESET) refers to startup_stm32f103xb.o(STACK) for __initial_sp
    startup_stm32f103xb.o(RESET) refers to startup_stm32f103xb.o(.text) for Reset_Handler
    startup_stm32f103xb.o(RESET) refers to stm32f1xx_it.o(i.NMI_Handler) for NMI_Handler
    startup_stm32f103xb.o(RESET) refers to stm32f1xx_it.o(i.HardFault_Handler) for HardFault_Handler
    startup_stm32f103xb.o(RESET) refers to stm32f1xx_it.o(i.MemManage_Handler) for MemManage_Handler
    startup_stm32f103xb.o(RESET) refers to stm32f1xx_it.o(i.BusFault_Handler) for BusFault_Handler
    startup_stm32f103xb.o(RESET) refers to stm32f1xx_it.o(i.UsageFault_Handler) for UsageFault_Handler
    startup_stm32f103xb.o(RESET) refers to port.o(.emb_text) for SVC_Handler
    startup_stm32f103xb.o(RESET) refers to stm32f1xx_it.o(i.DebugMon_Handler) for DebugMon_Handler
    startup_stm32f103xb.o(RESET) refers to port.o(i.SysTick_Handler) for SysTick_Handler
    startup_stm32f103xb.o(RESET) refers to stm32f1xx_it.o(i.DMA1_Channel4_IRQHandler) for DMA1_Channel4_IRQHandler
    startup_stm32f103xb.o(RESET) refers to stm32f1xx_it.o(i.DMA1_Channel5_IRQHandler) for DMA1_Channel5_IRQHandler
    startup_stm32f103xb.o(RESET) refers to stm32f1xx_it.o(i.EXTI9_5_IRQHandler) for EXTI9_5_IRQHandler
    startup_stm32f103xb.o(RESET) refers to stm32f1xx_it.o(i.TIM2_IRQHandler) for TIM2_IRQHandler
    startup_stm32f103xb.o(RESET) refers to stm32f1xx_it.o(i.TIM3_IRQHandler) for TIM3_IRQHandler
    startup_stm32f103xb.o(RESET) refers to stm32f1xx_it.o(i.TIM4_IRQHandler) for TIM4_IRQHandler
    startup_stm32f103xb.o(RESET) refers to stm32f1xx_it.o(i.USART1_IRQHandler) for USART1_IRQHandler
    startup_stm32f103xb.o(.text) refers to system_stm32f1xx.o(i.SystemInit) for SystemInit
    startup_stm32f103xb.o(.text) refers to entry.o(.ARM.Collect$$$$00000000) for __main
    main.o(i.HAL_TIM_PeriodElapsedCallback) refers to stm32f1xx_hal.o(i.HAL_IncTick) for HAL_IncTick
    main.o(i.SystemClock_Config) refers to memseta.o(.text) for __aeabi_memclr4
    main.o(i.SystemClock_Config) refers to stm32f1xx_hal_rcc.o(i.HAL_RCC_OscConfig) for HAL_RCC_OscConfig
    main.o(i.SystemClock_Config) refers to stm32f1xx_hal_rcc.o(i.HAL_RCC_ClockConfig) for HAL_RCC_ClockConfig
    main.o(i.main) refers to stm32f1xx_hal.o(i.HAL_Init) for HAL_Init
    main.o(i.main) refers to main.o(i.SystemClock_Config) for SystemClock_Config
    main.o(i.main) refers to gpio.o(i.MX_GPIO_Init) for MX_GPIO_Init
    main.o(i.main) refers to dma.o(i.MX_DMA_Init) for MX_DMA_Init
    main.o(i.main) refers to tim.o(i.MX_TIM1_Init) for MX_TIM1_Init
    main.o(i.main) refers to tim.o(i.MX_TIM3_Init) for MX_TIM3_Init
    main.o(i.main) refers to tim.o(i.MX_TIM4_Init) for MX_TIM4_Init
    main.o(i.main) refers to usart.o(i.MX_USART1_UART_Init) for MX_USART1_UART_Init
    main.o(i.main) refers to freertos.o(i.MX_FREERTOS_Init) for MX_FREERTOS_Init
    main.o(i.main) refers to cmsis_os.o(i.osKernelStart) for osKernelStart
    gpio.o(i.MX_GPIO_Init) refers to stm32f1xx_hal_gpio.o(i.HAL_GPIO_WritePin) for HAL_GPIO_WritePin
    gpio.o(i.MX_GPIO_Init) refers to stm32f1xx_hal_gpio.o(i.HAL_GPIO_Init) for HAL_GPIO_Init
    gpio.o(i.MX_GPIO_Init) refers to stm32f1xx_hal_cortex.o(i.HAL_NVIC_SetPriority) for HAL_NVIC_SetPriority
    gpio.o(i.MX_GPIO_Init) refers to stm32f1xx_hal_cortex.o(i.HAL_NVIC_EnableIRQ) for HAL_NVIC_EnableIRQ
    freertos.o(i.MX_FREERTOS_Init) refers to oled.o(i.OLED_Init) for OLED_Init
    freertos.o(i.MX_FREERTOS_Init) refers to mpu6050.o(i.MPU_Init) for MPU_Init
    freertos.o(i.MX_FREERTOS_Init) refers to inv_mpu.o(i.mpu_dmp_init) for mpu_dmp_init
    freertos.o(i.MX_FREERTOS_Init) refers to stm32f1xx_hal_tim.o(i.HAL_TIM_Encoder_Start) for HAL_TIM_Encoder_Start
    freertos.o(i.MX_FREERTOS_Init) refers to stm32f1xx_hal_tim.o(i.HAL_TIM_PWM_Start) for HAL_TIM_PWM_Start
    freertos.o(i.MX_FREERTOS_Init) refers to cmsis_os.o(i.osMessageCreate) for osMessageCreate
    freertos.o(i.MX_FREERTOS_Init) refers to memcpya.o(.text) for __aeabi_memcpy4
    freertos.o(i.MX_FREERTOS_Init) refers to cmsis_os.o(i.osThreadCreate) for osThreadCreate
    freertos.o(i.MX_FREERTOS_Init) refers to tim.o(.bss) for htim3
    freertos.o(i.MX_FREERTOS_Init) refers to freertos.o(.constdata) for .constdata
    freertos.o(i.MX_FREERTOS_Init) refers to freertos.o(.data) for .data
    freertos.o(i.StartDefaultTask) refers to queue.o(i.xQueueReceive) for xQueueReceive
    freertos.o(i.StartDefaultTask) refers to ffixi.o(.text) for __aeabi_f2iz
    freertos.o(i.StartDefaultTask) refers to oled.o(i.OLED_ShowSignedNum) for OLED_ShowSignedNum
    freertos.o(i.StartDefaultTask) refers to stm32f1xx_hal_uart.o(i.HAL_UART_Receive_DMA) for HAL_UART_Receive_DMA
    freertos.o(i.StartDefaultTask) refers to tasks.o(i.vTaskDelay) for vTaskDelay
[...]
    prvResetNextTaskUnblockTime              0x0800591d   Thumb Code    26  tasks.o(i.prvResetNextTaskUnblockTime)
    i.prvTaskExitError                       0x0800593c   Section        0  port.o(i.prvTaskExitError)
    prvTaskExitError                         0x0800593d   Thumb Code    36  port.o(i.prvTaskExitError)
    i.prvUnlockQueue                         0x08005964   Section        0  queue.o(i.prvUnlockQueue)
    prvUnlockQueue                           0x08005965   Thumb Code   106  queue.o(i.prvUnlockQueue)
    i.pvPortMalloc                           0x080059d0   Section        0  heap_4.o(i.pvPortMalloc)
    i.pxPortInitialiseStack                  0x08005aa8   Section        0  port.o(i.pxPortInitialiseStack)
    i.set_int_enable                         0x08005acc   Section        0  inv_mpu.o(i.set_int_enable)
    set_int_enable                           0x08005acd   Thumb Code    84  inv_mpu.o(i.set_int_enable)
    i.sqrt                                   0x08005b24   Section        0  sqrt.o(i.sqrt)
    i.uxListRemove                           0x08005b70   Section        0  list.o(i.uxListRemove)
    i.vApplicationGetIdleTaskMemory          0x08005b98   Section        0  freertos.o(i.vApplicationGetIdleTaskMemory)
    i.vListInitialise                        0x08005bac   Section        0  list.o(i.vListInitialise)
    i.vListInitialiseItem                    0x08005bc2   Section        0  list.o(i.vListInitialiseItem)
    i.vListInsert                            0x08005bc8   Section        0  list.o(i.vListInsert)
    i.vListInsertEnd                         0x08005bf8   Section        0  list.o(i.vListInsertEnd)
    i.vPortEnterCritical                     0x08005c10   Section        0  port.o(i.vPortEnterCritical)
    i.vPortExitCritical                      0x08005c50   Section        0  port.o(i.vPortExitCritical)
    i.vPortFree                              0x08005c78   Section        0  heap_4.o(i.vPortFree)
    i.vPortSetupTimerInterrupt               0x08005cd4   Section        0  port.o(i.vPortSetupTimerInterrupt)
    i.vTaskDelay                             0x08005cf8   Section        0  tasks.o(i.vTaskDelay)
    i.vTaskDelayUntil                        0x08005d44   Section        0  tasks.o(i.vTaskDelayUntil)
    i.vTaskInternalSetTimeOutState           0x08005dd0   Section        0  tasks.o(i.vTaskInternalSetTimeOutState)
    i.vTaskMissedYield                       0x08005de0   Section        0  tasks.o(i.vTaskMissedYield)
    i.vTaskPlaceOnEventList                  0x08005dec   Section        0  tasks.o(i.vTaskPlaceOnEventList)
    i.vTaskStartScheduler                    0x08005e1c   Section        0  tasks.o(i.vTaskStartScheduler)
    i.vTaskSuspendAll                        0x08005e88   Section        0  tasks.o(i.vTaskSuspendAll)
    i.vTaskSwitchContext                     0x08005e98   Section        0  tasks.o(i.vTaskSwitchContext)
    i.xPortStartScheduler                    0x08005ef4   Section        0  port.o(i.xPortStartScheduler)
    i.xQueueGenericCreate                    0x08005f9c   Section        0  queue.o(i.xQueueGenericCreate)
    i.xQueueGenericCreateStatic              0x08005fe4   Section        0  queue.o(i.xQueueGenericCreateStatic)
    i.xQueueGenericReset                     0x0800604c   Section        0  queue.o(i.xQueueGenericReset)
    i.xQueueGenericSend                      0x080060d4   Section        0  queue.o(i.xQueueGenericSend)
    i.xQueueReceive                          0x08006234   Section        0  queue.o(i.xQueueReceive)
    i.xTaskCheckForTimeOut                   0x0800636c   Section        0  tasks.o(i.xTaskCheckForTimeOut)
    i.xTaskCreate                            0x080063e0   Section        0  tasks.o(i.xTaskCreate)
    i.xTaskCreateStatic                      0x0800643a   Section        0  tasks.o(i.xTaskCreateStatic)
    i.xTaskGetSchedulerState                 0x08006490   Section        0  tasks.o(i.xTaskGetSchedulerState)
    i.xTaskGetTickCount                      0x080064ac   Section        0  tasks.o(i.xTaskGetTickCount)
    i.xTaskIncrementTick                     0x080064b8   Section        0  tasks.o(i.xTaskIncrementTick)
    i.xTaskPriorityDisinherit                0x08006580   Section        0  tasks.o(i.xTaskPriorityDisinherit)
    i.xTaskRemoveFromEventList               0x08006618   Section        0  tasks.o(i.xTaskRemoveFromEventList)
    i.xTaskResumeAll                         0x0800668c   Section        0  tasks.o(i.xTaskResumeAll)
    .constdata                               0x08006750   Section      196  freertos.o(.constdata)
    .constdata                               0x08006814   Section       18  stm32f1xx_hal_rcc.o(.constdata)
    aPredivFactorTable                       0x08006814   Data           2  stm32f1xx_hal_rcc.o(.constdata)
    aPLLMULFactorTable                       0x08006816   Data          16  stm32f1xx_hal_rcc.o(.constdata)
    .constdata                               0x08006826   Section     1520  oled.o(.constdata)
    .constdata                               0x08006e16   Section       27  inv_mpu.o(.constdata)
    .constdata                               0x08006e32   Section       12  inv_mpu.o(.constdata)
    .constdata                               0x08006e40   Section       40  inv_mpu.o(.constdata)
    .constdata                               0x08006e68   Section     3062  inv_mpu_dmp_motion_driver.o(.constdata)
    dmp_memory                               0x08006e68   Data        3062  inv_mpu_dmp_motion_driver.o(.constdata)
    .constdata                               0x08007a5e   Section       16  system_stm32f1xx.o(.constdata)
    .constdata                               0x08007a6e   Section        8  system_stm32f1xx.o(.constdata)
    .constdata                               0x08007a78   Section       80  asin.o(.constdata)
    pS                                       0x08007a78   Data          48  asin.o(.constdata)
    qS                                       0x08007aa8   Data          32  asin.o(.constdata)
    .constdata                               0x08007ac8   Section      152  atan.o(.constdata)
    atanhi                                   0x08007ac8   Data          32  atan.o(.constdata)
    atanlo                                   0x08007ae8   Data          32  atan.o(.constdata)
    aTodd                                    0x08007b08   Data          40  atan.o(.constdata)
    aTeven                                   0x08007b30   Data          48  atan.o(.constdata)
    .constdata                               0x08007b60   Section        8  qnan.o(.constdata)
    .conststring                             0x08007b68   Section       32  freertos.o(.conststring)
    .data                                    0x20000000   Section       40  freertos.o(.data)
    .data                                    0x20000028   Section        1  usart.o(.data)
    .data                                    0x20000029   Section        1  usart.o(.data)
    .data                                    0x2000002a   Section        1  usart.o(.data)
    .data                                    0x2000002c   Section       12  stm32f1xx_hal.o(.data)
    .data                                    0x20000038   Section       53  inv_mpu.o(.data)
    st                                       0x20000038   Data          44  inv_mpu.o(.data)
    gyro_orientation                         0x20000064   Data           9  inv_mpu.o(.data)
    .data                                    0x20000070   Section        4  system_stm32f1xx.o(.data)
    .data                                    0x20000074   Section       60  tasks.o(.data)
    pxDelayedTaskList                        0x20000078   Data           4  tasks.o(.data)
    pxOverflowDelayedTaskList                0x2000007c   Data           4  tasks.o(.data)
    uxDeletedTasksWaitingCleanUp             0x20000080   Data           4  tasks.o(.data)
    uxCurrentNumberOfTasks                   0x20000084   Data           4  tasks.o(.data)
    xTickCount                               0x20000088   Data           4  tasks.o(.data)
    uxTopReadyPriority                       0x2000008c   Data           4  tasks.o(.data)
    xSchedulerRunning                        0x20000090   Data           4  tasks.o(.data)
    uxPendedTicks                            0x20000094   Data           4  tasks.o(.data)
    xYieldPending                            0x20000098   Data           4  tasks.o(.data)
    xNumOfOverflows                          0x2000009c   Data           4  tasks.o(.data)
    uxTaskNumber                             0x200000a0   Data           4  tasks.o(.data)
    xNextTaskUnblockTime                     0x200000a4   Data           4  tasks.o(.data)
    xIdleTaskHandle                          0x200000a8   Data           4  tasks.o(.data)
    uxSchedulerSuspended                     0x200000ac   Data           4  tasks.o(.data)
    .data                                    0x200000b0   Section       24  heap_4.o(.data)
    pxEnd                                    0x200000b0   Data           4  heap_4.o(.data)
    xFreeBytesRemaining                      0x200000b4   Data           4  heap_4.o(.data)
    xMinimumEverFreeBytesRemaining           0x200000b8   Data           4  heap_4.o(.data)
    xBlockAllocatedBit                       0x200000bc   Data           4  heap_4.o(.data)
    xStart                                   0x200000c0   Data           8  heap_4.o(.data)
    .data                                    0x200000c8   Section       12  port.o(.data)
    ucMaxSysCallPriority                     0x200000c8   Data           1  port.o(.data)
    uxCriticalNesting                        0x200000cc   Data           4  port.o(.data)
    ulMaxPRIGROUPValue                       0x200000d0   Data           4  port.o(.data)
    .data                                    0x200000d4   Section        4  errno.o(.data)
    _errno                                   0x200000d4   Data           4  errno.o(.data)
    .bss                                     0x200000d8   Section      596  freertos.o(.bss)
    xIdleTaskTCBBuffer                       0x200000d8   Data          84  freertos.o(.bss)
    xIdleStack                               0x2000012c   Data         512  freertos.o(.bss)
    .bss                                     0x2000032c   Section      216  tim.o(.bss)
    .bss                                     0x20000404   Section      420  usart.o(.bss)
    SendBuff                                 0x2000040e   Data         200  usart.o(.bss)
    .bss                                     0x200005a8   Section       72  stm32f1xx_hal_timebase_tim.o(.bss)
    .bss                                     0x200005f0   Section       16  inv_mpu_dmp_motion_driver.o(.bss)
    dmp                                      0x200005f0   Data          16  inv_mpu_dmp_motion_driver.o(.bss)
    .bss                                     0x20000600   Section      240  tasks.o(.bss)
    pxReadyTasksLists                        0x20000600   Data         140  tasks.o(.bss)
    xDelayedTaskList1                        0x2000068c   Data          20  tasks.o(.bss)
    xDelayedTaskList2                        0x200006a0   Data          20  tasks.o(.bss)
    xPendingReadyList                        0x200006b4   Data          20  tasks.o(.bss)
    xTasksWaitingTermination                 0x200006c8   Data          20  tasks.o(.bss)
    xSuspendedTaskList                       0x200006dc   Data          20  tasks.o(.bss)
    .bss                                     0x200006f0   Section     3500  heap_4.o(.bss)
    ucHeap                                   0x200006f0   Data        3500  heap_4.o(.bss)
    STACK                                    0x200014a0   Section     1024  startup_stm32f103xb.o(STACK)

    Global Symbols

    Symbol Name                              Value     Ov Type        Size  Object(Section)

    BuildAttributes$$THM_ISAv4$P$D$K$B$S$PE$A:L22UL41UL21$X:L11$S22US41US21$IEEE1$IW$USESV6$~STKCKD$USESV7$~SHL$OTIME$ROPI$IEEEX$EBA8$MICROLIB$REQ8$PRES8$EABIv2 0x00000000   Number         0  anon$$obj.o ABSOLUTE
    __ARM_use_no_argv                        0x00000000   Number         0  main.o ABSOLUTE
    __arm_fini_                               - Undefined Weak Reference
    __cpp_initialize__aeabi_                  - Undefined Weak Reference
    __cxa_finalize                            - Undefined Weak Reference
    __decompress                              - Undefined Weak Reference
    _clock_init                               - Undefined Weak Reference
    _microlib_exit                            - Undefined Weak Reference
    __Vectors_Size                           0x000000ec   Number         0  startup_stm32f103xb.o ABSOLUTE
    __Vectors                                0x08000000   Data           4  startup_stm32f103xb.o(RESET)
    __Vectors_End                            0x080000ec   Data           0  startup_stm32f103xb.o(RESET)
    __main                                   0x080000ed   Thumb Code     0  entry.o(.ARM.Collect$$$$00000000)
    _main_stk                                0x080000ed   Thumb Code     0  entry2.o(.ARM.Collect$$$$00000001)
    _main_scatterload                        0x080000f1   Thumb Code     0  entry5.o(.ARM.Collect$$$$00000004)
    __main_after_scatterload                 0x080000f5   Thumb Code     0  entry5.o(.ARM.Collect$$$$00000004)
    _main_clock                              0x080000f5   Thumb Code     0  entry7b.o(.ARM.Collect$$$$00000008)
    _main_cpp_init                           0x080000f5   Thumb Code     0  entry8b.o(.ARM.Collect$$$$0000000A)
    _main_init                               0x080000f5   Thumb Code     0  entry9a.o(.ARM.Collect$$$$0000000B)
    __rt_lib_shutdown_fini                   0x080000fd   Thumb Code     0  entry12b.o(.ARM.Collect$$$$0000000E)
    __rt_final_cpp                           0x08000101   Thumb Code     0  entry10a.o(.ARM.Collect$$$$0000000F)
    __rt_final_exit                          0x08000101   Thumb Code     0  entry11a.o(.ARM.Collect$$$$00000011)
    SVC_Handler                              0x08000105   Thumb Code    32  port.o(.emb_text)
    __asm___6_port_c_39a90d8d__prvStartFirstTask 0x08000129   Thumb Code    28  port.o(.emb_text)
    PendSV_Handler                           0x08000149   Thumb Code    72  port.o(.emb_text)
    vPortGetIPSR                             0x08000195   Thumb Code     6  port.o(.emb_text)
    Reset_Handler                            0x0800019d   Thumb Code     8  startup_stm32f103xb.o(.text)
    ADC1_2_IRQHandler                        0x080001b7   Thumb Code     0  startup_stm32f103xb.o(.text)
    CAN1_RX1_IRQHandler                      0x080001b7   Thumb Code     0  startup_stm32f103xb.o(.text)
    CAN1_SCE_IRQHandler                      0x080001b7   Thumb Code     0  startup_stm32f103xb.o(.text)
    DMA1_Channel1_IRQHandler                 0x080001b7   Thumb Code     0  startup_stm32f103xb.o(.text)
    DMA1_Channel2_IRQHandler                 0x080001b7   Thumb Code     0  startup_stm32f103xb.o(.text)
    DMA1_Channel3_IRQHandler                 0x080001b7   Thumb Code     0  startup_stm32f103xb.o(.text)
    DMA1_Channel6_IRQHandler                 0x080001b7   Thumb Code     0  startup_stm32f103xb.o(.text)
    DMA1_Channel7_IRQHandler                 0x080001b7   Thumb Code     0  startup_stm32f103xb.o(.text)
    EXTI0_IRQHandler                         0x080001b7   Thumb Code     0  startup_stm32f103xb.o(.text)
    EXTI15_10_IRQHandler                     0x080001b7   Thumb Code     0  startup_stm32f103xb.o(.text)
    EXTI1_IRQHandler                         0x080001b7   Thumb Code     0  startup_stm32f103xb.o(.text)
    EXTI2_IRQHandler                         0x080001b7   Thumb Code     0  startup_stm32f103xb.o(.text)
    EXTI3_IRQHandler                         0x080001b7   Thumb Code     0  startup_stm32f103xb.o(.text)
    EXTI4_IRQHandler                         0x080001b7   Thumb Code     0  startup_stm32f103xb.o(.text)
    FLASH_IRQHandler                         0x080001b7   Thumb Code     0  startup_stm32f103xb.o(.text)
    I2C1_ER_IRQHandler                       0x080001b7   Thumb Code     0  startup_stm32f103xb.o(.text)
    I2C1_EV_IRQHandler                       0x080001b7   Thumb Code     0  startup_stm32f103xb.o(.text)
    I2C2_ER_IRQHandler                       0x080001b7   Thumb Code     0  startup_stm32f103xb.o(.text)
    I2C2_EV_IRQHandler                       0x080001b7   Thumb Code     0  startup_stm32f103xb.o(.text)
    PVD_IRQHandler                           0x080001b7   Thumb Code     0  startup_stm32f103xb.o(.text)
    RCC_IRQHandler                           0x080001b7   Thumb Code     0  startup_stm32f103xb.o(.text)
    RTC_Alarm_IRQHandler                     0x080001b7   Thumb Code     0  startup_stm32f103xb.o(.text)
    RTC_IRQHandler                           0x080001b7   Thumb Code     0  startup_stm32f103xb.o(.text)
    SPI1_IRQHandler                          0x080001b7   Thumb Code     0  startup_stm32f103xb.o(.text)
    SPI2_IRQHandler                          0x080001b7   Thumb Code     0  startup_stm32f103xb.o(.text)
    TAMPER_IRQHandler                        0x080001b7   Thumb Code     0  startup_stm32f103xb.o(.text)
    TIM1_BRK_IRQHandler                      0x080001b7   Thumb Code     0  startup_stm32f103xb.o(.text)
    TIM1_CC_IRQHandler                       0x080001b7   Thumb Code     0  startup_stm32f103xb.o(.text)
    TIM1_TRG_COM_IRQHandler                  0x080001b7   Thumb Code     0  startup_stm32f103xb.o(.text)
    TIM1_UP_IRQHandler                       0x080001b7   Thumb Code     0  startup_stm32f103xb.o(.text)
    USART2_IRQHandler                        0x080001b7   Thumb Code     0  startup_stm32f103xb.o(.text)
    USART3_IRQHandler                        0x080001b7   Thumb Code     0  startup_stm32f103xb.o(.text)
    USBWakeUp_IRQHandler                     0x080001b7   Thumb Code     0  startup_stm32f103xb.o(.text)
    USB_HP_CAN1_TX_IRQHandler                0x080001b7   Thumb Code     0  startup_stm32f103xb.o(.text)
    USB_LP_CAN1_RX0_IRQHandler               0x080001b7   Thumb Code     0  startup_stm32f103xb.o(.text)
    WWDG_IRQHandler                          0x080001b7   Thumb Code     0  startup_stm32f103xb.o(.text)
    __aeabi_llsr                             0x080001c1   Thumb Code    32  llushr.o(.text)
    _ll_ushift_r                             0x080001c1   Thumb Code     0  llushr.o(.text)
    __aeabi_memcpy                           0x080001e1   Thumb Code    36  memcpya.o(.text)
    __aeabi_memcpy4                          0x080001e1   Thumb Code     0  memcpya.o(.text)
    __aeabi_memcpy8                          0x080001e1   Thumb Code     0  memcpya.o(.text)
    __aeabi_memset                           0x08000205   Thumb Code    14  memseta.o(.text)
    __aeabi_memset4                          0x08000205   Thumb Code     0  memseta.o(.text)
    __aeabi_memset8                          0x08000205   Thumb Code     0  memseta.o(.text)
    __aeabi_memclr                           0x08000213   Thumb Code     4  memseta.o(.text)
    __aeabi_memclr4                          0x08000213   Thumb Code     0  memseta.o(.text)
    __aeabi_memclr8                          0x08000213   Thumb Code     0  memseta.o(.text)
    memset                                   0x08000217   Thumb Code    18  memseta.o(.text)
    memcmp                                   0x08000229   Thumb Code    26  memcmp.o(.text)
    __aeabi_fadd                             0x08000243   Thumb Code   164  fadd.o(.text)
    __aeabi_fsub                             0x080002e7   Thumb Code     6  fadd.o(.text)
    __aeabi_frsub                            0x080002ed   Thumb Code     6  fadd.o(.text)
    __aeabi_fmul                             0x080002f3   Thumb Code   100  fmul.o(.text)
    __aeabi_fdiv                             0x08000357   Thumb Code   124  fdiv.o(.text)
    __ARM_scalbnf                            0x080003d3   Thumb Code    24  fscalb.o(.text)
    scalbnf                                  0x080003d3   Thumb Code     0  fscalb.o(.text)
    __aeabi_dadd                             0x080003eb   Thumb Code   322  dadd.o(.text)
    __aeabi_dsub                             0x0800052d   Thumb Code     6  dadd.o(.text)
    __aeabi_drsub                            0x08000533   Thumb Code     6  dadd.o(.text)
    __aeabi_dmul                             0x08000539   Thumb Code   228  dmul.o(.text)
    __aeabi_ddiv                             0x0800061d   Thumb Code   222  ddiv.o(.text)
    __aeabi_i2f                              0x080006fb   Thumb Code    18  fflti.o(.text)
    __aeabi_ui2f                             0x0800070d   Thumb Code    10  ffltui.o(.text)
    __aeabi_f2iz                             0x08000717   Thumb Code    50  ffixi.o(.text)
    __aeabi_f2uiz                            0x08000749   Thumb Code    40  ffixui.o(.text)
    __aeabi_f2d                              0x08000771   Thumb Code    38  f2d.o(.text)
    __aeabi_d2f                              0x08000797   Thumb Code    56  d2f.o(.text)
    __aeabi_llsl                             0x080007cf   Thumb Code    30  llshl.o(.text)
    _ll_shift_l                              0x080007cf   Thumb Code     0  llshl.o(.text)
    __aeabi_lasr                             0x080007ed   Thumb Code    36  llsshr.o(.text)
    _ll_sshift_r                             0x080007ed   Thumb Code     0  llsshr.o(.text)
    __I$use$fp                               0x08000811   Thumb Code     0  iusefp.o(.text)
    _float_round                             0x08000811   Thumb Code    18  fepilogue.o(.text)
    _float_epilogue                          0x08000823   Thumb Code    92  fepilogue.o(.text)
    _double_round                            0x0800087f   Thumb Code    30  depilogue.o(.text)
    _double_epilogue                         0x0800089d   Thumb Code   156  depilogue.o(.text)
    __ARM_scalbn                             0x08000939   Thumb Code    46  dscalb.o(.text)
    scalbn                                   0x08000939   Thumb Code     0  dscalb.o(.text)
    __aeabi_cdcmpeq                          0x08000969   Thumb Code     0  cdcmple.o(.text)
    __aeabi_cdcmple                          0x08000969   Thumb Code    48  cdcmple.o(.text)
    __scatterload                            0x08000999   Thumb Code    28  init.o(.text)
    __scatterload_rt2                        0x08000999   Thumb Code     0  init.o(.text)
    _dsqrt                                   0x080009bd   Thumb Code   162  dsqrt.o(.text)
    BusFault_Handler                         0x08000a5f   Thumb Code     2  stm32f1xx_it.o(i.BusFault_Handler)
    DMA1_Channel4_IRQHandler                 0x08000a61   Thumb Code     6  stm32f1xx_it.o(i.DMA1_Channel4_IRQHandler)
    DMA1_Channel5_IRQHandler                 0x08000a6d   Thumb Code     6  stm32f1xx_it.o(i.DMA1_Channel5_IRQHandler)
    DebugMon_Handler                         0x08000aa3   Thumb Code     2  stm32f1xx_it.o(i.DebugMon_Handler)
    EXTI9_5_IRQHandler                       0x08000aa5   Thumb Code     6  stm32f1xx_it.o(i.EXTI9_5_IRQHandler)
    Error_Handler                            0x08000aab   Thumb Code     4  main.o(i.Error_Handler)
    GFP_abs                                  0x08000aaf   Thumb Code    10  control.o(i.GFP_abs)
    Get_encoder                              0x08000ab9   Thumb Code    28  control.o(i.Get_encoder)
    HAL_DMA_Abort                            0x08000add   Thumb Code    70  stm32f1xx_hal_dma.o(i.HAL_DMA_Abort)
    HAL_DMA_Abort_IT                         0x08000b25   Thumb Code   148  stm32f1xx_hal_dma.o(i.HAL_DMA_Abort_IT)
    HAL_DMA_IRQHandler                       0x08000bbd   Thumb Code   316  stm32f1xx_hal_dma.o(i.HAL_DMA_IRQHandler)
    HAL_DMA_Init                             0x08000d11   Thumb Code    84  stm32f1xx_hal_dma.o(i.HAL_DMA_Init)
    HAL_DMA_Start_IT                         0x08000d6d   Thumb Code   112  stm32f1xx_hal_dma.o(i.HAL_DMA_Start_IT)
    HAL_Delay                                0x08000ddd   Thumb Code    32  stm32f1xx_hal.o(i.HAL_Delay)
    HAL_GPIO_EXTI_Callback                   0x08000e01   Thumb Code     2  stm32f1xx_hal_gpio.o(i.HAL_GPIO_EXTI_Callback)
    HAL_GPIO_EXTI_IRQHandler                 0x08000e05   Thumb Code    18  stm32f1xx_hal_gpio.o(i.HAL_GPIO_EXTI_IRQHandler)
    HAL_GPIO_Init                            0x08000e1d   Thumb Code   446  stm32f1xx_hal_gpio.o(i.HAL_GPIO_Init)
    HAL_GPIO_ReadPin                         0x08000ffd   Thumb Code    10  stm32f1xx_hal_gpio.o(i.HAL_GPIO_ReadPin)
    HAL_GPIO_WritePin                        0x08001007   Thumb Code    10  stm32f1xx_hal_gpio.o(i.HAL_GPIO_WritePin)
    HAL_GetTick                              0x08001011   Thumb Code     6  stm32f1xx_hal.o(i.HAL_GetTick)
    HAL_IncTick                              0x0800101d   Thumb Code    12  stm32f1xx_hal.o(i.HAL_IncTick)
    HAL_Init                                 0x0800102d   Thumb Code    32  stm32f1xx_hal.o(i.HAL_Init)
    HAL_InitTick                             0x08001051   Thumb Code   134  stm32f1xx_hal_timebase_tim.o(i.HAL_InitTick)
    HAL_MspInit                              0x080010e9   Thumb Code    62  stm32f1xx_hal_msp.o(i.HAL_MspInit)
    HAL_NVIC_EnableIRQ                       0x08001131   Thumb Code    26  stm32f1xx_hal_cortex.o(i.HAL_NVIC_EnableIRQ)
    HAL_NVIC_SetPriority                     0x0800114d   Thumb Code    60  stm32f1xx_hal_cortex.o(i.HAL_NVIC_SetPriority)
    HAL_NVIC_SetPriorityGrouping             0x0800118d   Thumb Code    26  stm32f1xx_hal_cortex.o(i.HAL_NVIC_SetPriorityGrouping)
    HAL_RCC_ClockConfig                      0x080011b1   Thumb Code   280  stm32f1xx_hal_rcc.o(i.HAL_RCC_ClockConfig)
    HAL_RCC_GetClockConfig                   0x080012dd   Thumb Code    54  stm32f1xx_hal_rcc.o(i.HAL_RCC_GetClockConfig)
    HAL_RCC_GetPCLK1Freq                     0x0800131d   Thumb Code    20  stm32f1xx_hal_rcc.o(i.HAL_RCC_GetPCLK1Freq)
    HAL_RCC_GetPCLK2Freq                     0x0800133d   Thumb Code    20  stm32f1xx_hal_rcc.o(i.HAL_RCC_GetPCLK2Freq)
    HAL_RCC_GetSysClockFreq                  0x0800135d   Thumb Code    58  stm32f1xx_hal_rcc.o(i.HAL_RCC_GetSysClockFreq)
    HAL_RCC_OscConfig                        0x080013a9   Thumb Code   778  stm32f1xx_hal_rcc.o(i.HAL_RCC_OscConfig)
    HAL_TIMEx_BreakCallback                  0x080016c9   Thumb Code     2  stm32f1xx_hal_tim_ex.o(i.HAL_TIMEx_BreakCallback)
    HAL_TIMEx_CommutCallback                 0x080016cb   Thumb Code     2  stm32f1xx_hal_tim_ex.o(i.HAL_TIMEx_CommutCallback)
    HAL_TIMEx_ConfigBreakDeadTime            0x080016cd   Thumb Code    84  stm32f1xx_hal_tim_ex.o(i.HAL_TIMEx_ConfigBreakDeadTime)
    HAL_TIMEx_MasterConfigSynchronization    0x08001721   Thumb Code    92  stm32f1xx_hal_tim_ex.o(i.HAL_TIMEx_MasterConfigSynchronization)
    HAL_TIM_Base_Init                        0x08001789   Thumb Code    90  stm32f1xx_hal_tim.o(i.HAL_TIM_Base_Init)
    HAL_TIM_Base_MspInit                     0x080017e5   Thumb Code    30  tim.o(i.HAL_TIM_Base_MspInit)
    HAL_TIM_Base_Start_IT                    0x0800180d   Thumb Code    76  stm32f1xx_hal_tim.o(i.HAL_TIM_Base_Start_IT)
    HAL_TIM_ConfigClockSource                0x08001865   Thumb Code   220  stm32f1xx_hal_tim.o(i.HAL_TIM_ConfigClockSource)
    HAL_TIM_Encoder_Init                     0x08001941   Thumb Code   164  stm32f1xx_hal_tim.o(i.HAL_TIM_Encoder_Init)
    HAL_TIM_Encoder_MspInit                  0x080019e5   Thumb Code   150  tim.o(i.HAL_TIM_Encoder_MspInit)
    HAL_TIM_Encoder_Start                    0x08001a91   Thumb Code   142  stm32f1xx_hal_tim.o(i.HAL_TIM_Encoder_Start)
    HAL_TIM_IC_CaptureCallback               0x08001b1f   Thumb Code     2  stm32f1xx_hal_tim.o(i.HAL_TIM_IC_CaptureCallback)
    HAL_TIM_IRQHandler                       0x08001b21   Thumb Code   358  stm32f1xx_hal_tim.o(i.HAL_TIM_IRQHandler)
    HAL_TIM_MspPostInit                      0x08001c89   Thumb Code    64  tim.o(i.HAL_TIM_MspPostInit)
    HAL_TIM_OC_DelayElapsedCallback          0x08001cd5   Thumb Code     2  stm32f1xx_hal_tim.o(i.HAL_TIM_OC_DelayElapsedCallback)
    HAL_TIM_PWM_ConfigChannel                0x08001cd7   Thumb Code   204  stm32f1xx_hal_tim.o(i.HAL_TIM_PWM_ConfigChannel)
    HAL_TIM_PWM_Init                         0x08001da3   Thumb Code    90  stm32f1xx_hal_tim.o(i.HAL_TIM_PWM_Init)
    HAL_TIM_PWM_MspInit                      0x08001dfd   Thumb Code     2  stm32f1xx_hal_tim.o(i.HAL_TIM_PWM_MspInit)
    HAL_TIM_PWM_PulseFinishedCallback        0x08001dff   Thumb Code     2  stm32f1xx_hal_tim.o(i.HAL_TIM_PWM_PulseFinishedCallback)
    HAL_TIM_PWM_Start                        0x08001e01   Thumb Code   144  stm32f1xx_hal_tim.o(i.HAL_TIM_PWM_Start)
    HAL_TIM_PeriodElapsedCallback            0x08001e9d   Thumb Code    14  main.o(i.HAL_TIM_PeriodElapsedCallback)
    HAL_TIM_TriggerCallback                  0x08001eab   Thumb Code     2  stm32f1xx_hal_tim.o(i.HAL_TIM_TriggerCallback)
    HAL_UARTEx_RxEventCallback               0x08001ead   Thumb Code     2  stm32f1xx_hal_uart.o(i.HAL_UARTEx_RxEventCallback)
    HAL_UART_DMAStop                         0x08001eaf   Thumb Code   112  stm32f1xx_hal_uart.o(i.HAL_UART_DMAStop)
    HAL_UART_ErrorCallback                   0x08001f1f   Thumb Code     2  stm32f1xx_hal_uart.o(i.HAL_UART_ErrorCallback)
    HAL_UART_IRQHandler                      0x08001f21   Thumb Code   616  stm32f1xx_hal_uart.o(i.HAL_UART_IRQHandler)
    HAL_UART_Init                            0x0800218d   Thumb Code   100  stm32f1xx_hal_uart.o(i.HAL_UART_Init)
    HAL_UART_MspInit                         0x080021f1   Thumb Code   198  usart.o(i.HAL_UART_MspInit)
    HAL_UART_Receive_DMA                     0x080022cd   Thumb Code    28  stm32f1xx_hal_uart.o(i.HAL_UART_Receive_DMA)
    HAL_UART_RxCpltCallback                  0x080022e9   Thumb Code     2  stm32f1xx_hal_uart.o(i.HAL_UART_RxCpltCallback)
    HAL_UART_RxHalfCpltCallback              0x080022eb   Thumb Code     2  stm32f1xx_hal_uart.o(i.HAL_UART_RxHalfCpltCallback)
    HAL_UART_TxCpltCallback                  0x080022ed   Thumb Code    16  usart.o(i.HAL_UART_TxCpltCallback)
    HardFault_Handler                        0x08002305   Thumb Code     2  stm32f1xx_it.o(i.HardFault_Handler)
    Limit                                    0x08002307   Thumb Code    22  control.o(i.Limit)
    Load                                     0x0800231d   Thumb Code    52  control.o(i.Load)
    MPU_Get_Gyroscope                        0x08002351   Thumb Code    50  mpu6050.o(i.MPU_Get_Gyroscope)
    MPU_IIC_Ack                              0x08002385   Thumb Code    72  mpuiic.o(i.MPU_IIC_Ack)
    MPU_IIC_NAck                             0x080023d1   Thumb Code    72  mpuiic.o(i.MPU_IIC_NAck)
    MPU_IIC_Read_Byte                        0x0800241d   Thumb Code   104  mpuiic.o(i.MPU_IIC_Read_Byte)
    MPU_IIC_SDA                              0x08002489   Thumb Code    10  mpuiic.o(i.MPU_IIC_SDA)
    MPU_IIC_Send_Byte                        0x08002499   Thumb Code    86  mpuiic.o(i.MPU_IIC_Send_Byte)
    MPU_IIC_Start                            0x080024f5   Thumb Code    68  mpuiic.o(i.MPU_IIC_Start)
    MPU_IIC_Stop                             0x0800253d   Thumb Code    68  mpuiic.o(i.MPU_IIC_Stop)
    MPU_IIC_Wait_Ack                         0x08002585   Thumb Code    94  mpuiic.o(i.MPU_IIC_Wait_Ack)
    MPU_Init                                 0x080025e9   Thumb Code   114  mpu6050.o(i.MPU_Init)
    MPU_Read_Byte                            0x0800265b   Thumb Code    58  mpu6050.o(i.MPU_Read_Byte)
    MPU_Read_Len                             0x08002695   Thumb Code   108  mpu6050.o(i.MPU_Read_Len)
    MPU_Set_Accel_Fsr                        0x08002701   Thumb Code    10  mpu6050.o(i.MPU_Set_Accel_Fsr)
    MPU_Set_Gyro_Fsr                         0x0800270b   Thumb Code    10  mpu6050.o(i.MPU_Set_Gyro_Fsr)
    MPU_Set_LPF                              0x08002715   Thumb Code    48  mpu6050.o(i.MPU_Set_LPF)
    MPU_Set_Rate                             0x08002745   Thumb Code    46  mpu6050.o(i.MPU_Set_Rate)
    MPU_Write_Byte                           0x08002773   Thumb Code    60  mpu6050.o(i.MPU_Write_Byte)
    MPU_Write_Len                            0x080027af   Thumb Code    82  mpu6050.o(i.MPU_Write_Len)
    MX_DMA_Init                              0x08002801   Thumb Code    56  dma.o(i.MX_DMA_Init)
    MX_FREERTOS_Init                         0x0800283d   Thumb Code   294  freertos.o(i.MX_FREERTOS_Init)
    MX_GPIO_Init                             0x08002979   Thumb Code   172  gpio.o(i.MX_GPIO_Init)
    MX_TIM1_Init                             0x08002a35   Thumb Code   206  tim.o(i.MX_TIM1_Init)
    MX_TIM3_Init                             0x08002b0d   Thumb Code    96  tim.o(i.MX_TIM3_Init)
    MX_TIM4_Init                             0x08002b75   Thumb Code    96  tim.o(i.MX_TIM4_Init)
    MX_USART1_UART_Init                      0x08002bdd   Thumb Code    68  usart.o(i.MX_USART1_UART_Init)
    MY_Delay_us                              0x08002c29   Thumb Code    16  mpuiic.o(i.MY_Delay_us)
    MemManage_Handler                        0x08002c39   Thumb Code     2  stm32f1xx_it.o(i.MemManage_Handler)
    NMI_Handler                              0x08002c3b   Thumb Code     2  stm32f1xx_it.o(i.NMI_Handler)
    OLED_Clear                               0x08002c3d   Thumb Code    38  oled.o(i.OLED_Clear)
    OLED_I2C_Init                            0x08002c65   Thumb Code    28  oled.o(i.OLED_I2C_Init)
    OLED_I2C_SendByte                        0x08002c85   Thumb Code    78  oled.o(i.OLED_I2C_SendByte)
    OLED_I2C_Start                           0x08002cd9   Thumb Code    48  oled.o(i.OLED_I2C_Start)
    OLED_I2C_Stop                            0x08002d0d   Thumb Code    38  oled.o(i.OLED_I2C_Stop)
    OLED_Init                                0x08002d39   Thumb Code   172  oled.o(i.OLED_Init)
    OLED_Pow                                 0x08002de5   Thumb Code    14  oled.o(i.OLED_Pow)
    OLED_SetCursor                           0x08002df3   Thumb Code    34  oled.o(i.OLED_SetCursor)
    OLED_ShowChar                            0x08002e15   Thumb Code    98  oled.o(i.OLED_ShowChar)
    OLED_ShowSignedNum                       0x08002e7d   Thumb Code    88  oled.o(i.OLED_ShowSignedNum)
    OLED_WriteCommand                        0x08002ed5   Thumb Code    34  oled.o(i.OLED_WriteCommand)
    OLED_WriteData                           0x08002ef7   Thumb Code    34  oled.o(i.OLED_WriteData)
    Set_PID_Speed                            0x08002f19   Thumb Code   138  control.o(i.Set_PID_Speed)
    Set_PID_UP                               0x08002fa3   Thumb Code    56  control.o(i.Set_PID_UP)
    Set_PWM1                                 0x08002fdd   Thumb Code    56  control.o(i.Set_PWM1)
    Set_PWM2                                 0x0800301d   Thumb Code    56  control.o(i.Set_PWM2)
    StartDefaultTask                         0x0800305d   Thumb Code   186  freertos.o(i.StartDefaultTask)
    StartTask02                              0x0800312d   Thumb Code   274  freertos.o(i.StartTask02)
    StartTask03                              0x0800325d   Thumb Code     2  freertos.o(i.StartTask03)
    SysTick_Handler                          0x08003261   Thumb Code    38  port.o(i.SysTick_Handler)
    SystemClock_Config                       0x0800328d   Thumb Code    94  main.o(i.SystemClock_Config)
    SystemInit                               0x080032eb   Thumb Code     2  system_stm32f1xx.o(i.SystemInit)
    TIM2_IRQHandler                          0x080032ed   Thumb Code     6  stm32f1xx_it.o(i.TIM2_IRQHandler)
    TIM3_IRQHandler                          0x080032f9   Thumb Code     6  stm32f1xx_it.o(i.TIM3_IRQHandler)
    TIM4_IRQHandler                          0x08003305   Thumb Code     6  stm32f1xx_it.o(i.TIM4_IRQHandler)
    TIM_Base_SetConfig                       0x08003311   Thumb Code    94  stm32f1xx_hal_tim.o(i.TIM_Base_SetConfig)
    TIM_CCxChannelCmd                        0x0800337d   Thumb Code    26  stm32f1xx_hal_tim.o(i.TIM_CCxChannelCmd)
    TIM_ETR_SetConfig                        0x08003397   Thumb Code    20  stm32f1xx_hal_tim.o(i.TIM_ETR_SetConfig)
    TIM_OC2_SetConfig                        0x0800340d   Thumb Code    84  stm32f1xx_hal_tim.o(i.TIM_OC2_SetConfig)
    UART_Start_Receive_DMA                   0x08003829   Thumb Code   130  stm32f1xx_hal_uart.o(i.UART_Start_Receive_DMA)
    USART1_IRQHandler                        0x080038b9   Thumb Code    56  stm32f1xx_it.o(i.USART1_IRQHandler)
    UsageFault_Handler                       0x08003901   Thumb Code     2  stm32f1xx_it.o(i.UsageFault_Handler)
    __ARM_fpclassify                         0x08003903   Thumb Code    40  fpclassify.o(i.__ARM_fpclassify)
    __kernel_poly                            0x0800394b   Thumb Code   170  poly.o(i.__kernel_poly)
    __mathlib_dbl_infnan                     0x080039f5   Thumb Code     6  dunder.o(i.__mathlib_dbl_infnan)
    __mathlib_dbl_infnan2                    0x080039fb   Thumb Code     4  dunder.o(i.__mathlib_dbl_infnan2)
    __mathlib_dbl_invalid                    0x080039ff   Thumb Code    12  dunder.o(i.__mathlib_dbl_invalid)
    __mathlib_dbl_underflow                  0x08003a0d   Thumb Code    10  dunder.o(i.__mathlib_dbl_underflow)
    __scatterload_copy                       0x08003a1d   Thumb Code    14  handlers.o(i.__scatterload_copy)
    __scatterload_null                       0x08003a2b   Thumb Code     2  handlers.o(i.__scatterload_null)
    __scatterload_zeroinit                   0x08003a2d   Thumb Code    14  handlers.o(i.__scatterload_zeroinit)
    __set_errno                              0x08003a3d   Thumb Code     6  errno.o(i.__set_errno)
    asin                                     0x08003a49   Thumb Code   572  asin.o(i.asin)
    atan                                     0x08003cb9   Thumb Code   474  atan.o(i.atan)
    atan2                                    0x08003ed9   Thumb Code   374  atan2.o(i.atan2)
    dmp_enable_6x_lp_quat                    0x08004075   Thumb Code    58  inv_mpu_dmp_motion_driver.o(i.dmp_enable_6x_lp_quat)
    dmp_enable_feature                       0x080040b1   Thumb Code   464  inv_mpu_dmp_motion_driver.o(i.dmp_enable_feature)
    dmp_enable_gyro_cal                      0x08004289   Thumb Code    34  inv_mpu_dmp_motion_driver.o(i.dmp_enable_gyro_cal)
    dmp_enable_lp_quat                       0x080042c5   Thumb Code    58  inv_mpu_dmp_motion_driver.o(i.dmp_enable_lp_quat)
    dmp_load_motion_driver_firmware          0x08004301   Thumb Code    16  inv_mpu_dmp_motion_driver.o(i.dmp_load_motion_driver_firmware)
    dmp_read_fifo                            0x08004315   Thumb Code   352  inv_mpu_dmp_motion_driver.o(i.dmp_read_fifo)
    dmp_set_fifo_rate                        0x08004479   Thumb Code    82  inv_mpu_dmp_motion_driver.o(i.dmp_set_fifo_rate)
    dmp_set_orientation                      0x080044dd   Thumb Code   246  inv_mpu_dmp_motion_driver.o(i.dmp_set_orientation)
    dmp_set_shake_reject_thresh              0x080045e9   Thumb Code    48  inv_mpu_dmp_motion_driver.o(i.dmp_set_shake_reject_thresh)
    dmp_set_shake_reject_time                0x08004619   Thumb Code    32  inv_mpu_dmp_motion_driver.o(i.dmp_set_shake_reject_time)
    dmp_set_shake_reject_timeout             0x08004639   Thumb Code    32  inv_mpu_dmp_motion_driver.o(i.dmp_set_shake_reject_timeout)
    dmp_set_tap_axes                         0x08004659   Thumb Code    64  inv_mpu_dmp_motion_driver.o(i.dmp_set_tap_axes)
    dmp_set_tap_count                        0x08004699   Thumb Code    34  inv_mpu_dmp_motion_driver.o(i.dmp_set_tap_count)
    dmp_set_tap_thresh                       0x080046bd   Thumb Code   274  inv_mpu_dmp_motion_driver.o(i.dmp_set_tap_thresh)
    dmp_set_tap_time                         0x080047e5   Thumb Code    32  inv_mpu_dmp_motion_driver.o(i.dmp_set_tap_time)
    dmp_set_tap_time_multi                   0x08004805   Thumb Code    32  inv_mpu_dmp_motion_driver.o(i.dmp_set_tap_time_multi)
    inv_orientation_matrix_to_scalar         0x08004825   Thumb Code    34  inv_mpu.o(i.inv_orientation_matrix_to_scalar)
    inv_row_2_scale                          0x08004847   Thumb Code    72  inv_mpu.o(i.inv_row_2_scale)
    main                                     0x0800488f   Thumb Code    42  main.o(i.main)
    mget_ms                                  0x080048c5   Thumb Code     2  inv_mpu.o(i.mget_ms)
    mpu_configure_fifo                       0x080048c9   Thumb Code    78  inv_mpu.o(i.mpu_configure_fifo)
    mpu_dmp_get_data                         0x0800491d   Thumb Code   408  inv_mpu.o(i.mpu_dmp_get_data)
    mpu_dmp_init                             0x08004ab9   Thumb Code   144  inv_mpu.o(i.mpu_dmp_init)
    mpu_get_accel_fsr                        0x08004b4d   Thumb Code    54  inv_mpu.o(i.mpu_get_accel_fsr)
    mpu_init                                 0x08004b89   Thumb Code   288  inv_mpu.o(i.mpu_init)
    mpu_load_firmware                        0x08004cad   Thumb Code   154  inv_mpu.o(i.mpu_load_firmware)
    mpu_lp_accel_mode                        0x08004d4d   Thumb Code   178  inv_mpu.o(i.mpu_lp_accel_mode)
    mpu_read_fifo_stream                     0x08004e05   Thumb Code   140  inv_mpu.o(i.mpu_read_fifo_stream)
    mpu_read_mem                             0x08004e95   Thumb Code    80  inv_mpu.o(i.mpu_read_mem)
    mpu_reset_fifo                           0x08004ee9   Thumb Code   346  inv_mpu.o(i.mpu_reset_fifo)
    mpu_set_accel_fsr                        0x08005049   Thumb Code    98  inv_mpu.o(i.mpu_set_accel_fsr)
    mpu_set_bypass                           0x080050b1   Thumb Code   214  inv_mpu.o(i.mpu_set_bypass)
    mpu_set_dmp_state                        0x0800518d   Thumb Code   114  inv_mpu.o(i.mpu_set_dmp_state)
    mpu_set_gyro_fsr                         0x08005205   Thumb Code   104  inv_mpu.o(i.mpu_set_gyro_fsr)
    mpu_set_int_latched                      0x08005271   Thumb Code    94  inv_mpu.o(i.mpu_set_int_latched)
    mpu_set_lpf                              0x080052d5   Thumb Code   102  inv_mpu.o(i.mpu_set_lpf)
    mpu_set_sample_rate                      0x08005341   Thumb Code   124  inv_mpu.o(i.mpu_set_sample_rate)
    mpu_set_sensors                          0x080053c1   Thumb Code   178  inv_mpu.o(i.mpu_set_sensors)
    mpu_write_mem                            0x08005479   Thumb Code    80  inv_mpu.o(i.mpu_write_mem)
    osKernelStart                            0x080054cd   Thumb Code    10  cmsis_os.o(i.osKernelStart)
    osMessageCreate                          0x080054d7   Thumb Code    38  cmsis_os.o(i.osMessageCreate)
    osThreadCreate                           0x080054fd   Thumb Code    84  cmsis_os.o(i.osThreadCreate)
    pvPortMalloc                             0x080059d1   Thumb Code   210  heap_4.o(i.pvPortMalloc)
    pxPortInitialiseStack                    0x08005aa9   Thumb Code    32  port.o(i.pxPortInitialiseStack)
    sqrt                                     0x08005b25   Thumb Code    76  sqrt.o(i.sqrt)
    uxListRemove                             0x08005b71   Thumb Code    38  list.o(i.uxListRemove)
    vApplicationGetIdleTaskMemory            0x08005b99   Thumb Code    16  freertos.o(i.vApplicationGetIdleTaskMemory)
    vListInitialise                          0x08005bad   Thumb Code    22  list.o(i.vListInitialise)
    vListInitialiseItem                      0x08005bc3   Thumb Code     6  list.o(i.vListInitialiseItem)
    vListInsert                              0x08005bc9   Thumb Code    48  list.o(i.vListInsert)
    vListInsertEnd                           0x08005bf9   Thumb Code    24  list.o(i.vListInsertEnd)
    vPortEnterCritical                       0x08005c11   Thumb Code    54  port.o(i.vPortEnterCritical)
    vPortExitCritical                        0x08005c51   Thumb Code    34  port.o(i.vPortExitCritical)
    vPortFree                                0x08005c79   Thumb Code    88  heap_4.o(i.vPortFree)
    vPortSetupTimerInterrupt                 0x08005cd5   Thumb Code    32  port.o(i.vPortSetupTimerInterrupt)
    vTaskDelay                               0x08005cf9   Thumb Code    66  tasks.o(i.vTaskDelay)
    vTaskDelayUntil                          0x08005d45   Thumb Code   132  tasks.o(i.vTaskDelayUntil)
    vTaskInternalSetTimeOutState             0x08005dd1   Thumb Code    12  tasks.o(i.vTaskInternalSetTimeOutState)
    vTaskMissedYield                         0x08005de1   Thumb Code     8  tasks.o(i.vTaskMissedYield)
    vTaskPlaceOnEventList                    0x08005ded   Thumb Code    44  tasks.o(i.vTaskPlaceOnEventList)
    vTaskStartScheduler                      0x08005e1d   Thumb Code    90  tasks.o(i.vTaskStartScheduler)
    vTaskSuspendAll                          0x08005e89   Thumb Code    10  tasks.o(i.vTaskSuspendAll)
    vTaskSwitchContext                       0x08005e99   Thumb Code    82  tasks.o(i.vTaskSwitchContext)
    xPortStartScheduler                      0x08005ef5   Thumb Code   154  port.o(i.xPortStartScheduler)
    xQueueGenericCreate                      0x08005f9d   Thumb Code    72  queue.o(i.xQueueGenericCreate)
    xQueueGenericCreateStatic                0x08005fe5   Thumb Code   102  queue.o(i.xQueueGenericCreateStatic)
    xQueueGenericReset                       0x0800604d   Thumb Code   132  queue.o(i.xQueueGenericReset)
    xQueueGenericSend                        0x080060d5   Thumb Code   346  queue.o(i.xQueueGenericSend)
    xQueueReceive                            0x08006235   Thumb Code   308  queue.o(i.xQueueReceive)
    xTaskCheckForTimeOut                     0x0800636d   Thumb Code   112  tasks.o(i.xTaskCheckForTimeOut)
    xTaskCreate                              0x080063e1   Thumb Code    90  tasks.o(i.xTaskCreate)
    xTaskCreateStatic                        0x0800643b   Thumb Code    86  tasks.o(i.xTaskCreateStatic)
    xTaskGetSchedulerState                   0x08006491   Thumb Code    22  tasks.o(i.xTaskGetSchedulerState)
    xTaskGetTickCount                        0x080064ad   Thumb Code     6  tasks.o(i.xTaskGetTickCount)
    xTaskIncrementTick                       0x080064b9   Thumb Code   192  tasks.o(i.xTaskIncrementTick)
    xTaskPriorityDisinherit                  0x08006581   Thumb Code   144  tasks.o(i.xTaskPriorityDisinherit)
    xTaskRemoveFromEventList                 0x08006619   Thumb Code   108  tasks.o(i.xTaskRemoveFromEventList)
    xTaskResumeAll                           0x0800668d   Thumb Code   182  tasks.o(i.xTaskResumeAll)
    OLED_F8x16                               0x08006826   Data        1520  oled.o(.constdata)
    reg                                      0x08006e16   Data          27  inv_mpu.o(.constdata)
    hw                                       0x08006e32   Data          12  inv_mpu.o(.constdata)
    test                                     0x08006e40   Data          40  inv_mpu.o(.constdata)
    AHBPrescTable                            0x08007a5e   Data          16  system_stm32f1xx.o(.constdata)
    APBPrescTable                            0x08007a6e   Data           8  system_stm32f1xx.o(.constdata)
    __mathlib_zero                           0x08007b60   Data           8  qnan.o(.constdata)
    Region$$Table$$Base                      0x08007b88   Number         0  anon$$obj.o(Region$$Table)
    Region$$Table$$Limit                     0x08007ba8   Number         0  anon$$obj.o(Region$$Table)
    defaultTaskHandle                        0x20000000   Data           4  freertos.o(.data)
    LED1Handle                               0x20000004   Data           4  freertos.o(.data)
    myTask03Handle                           0x20000008   Data           4  freertos.o(.data)
    myQueue01Handle                          0x2000000c   Data           4  freertos.o(.data)
    myQueue02Handle                          0x20000010   Data           4  freertos.o(.data)
    myQueue03Handle                          0x20000014   Data           4  freertos.o(.data)
    myQueue04Handle                          0x20000018   Data           4  freertos.o(.data)
    myQueue05Handle                          0x2000001c   Data           4  freertos.o(.data)
    myQueue06Handle                          0x20000020   Data           4  freertos.o(.data)
    myQueue07Handle                          0x20000024   Data           4  freertos.o(.data)
    rx_len                                   0x20000028   Data           1  usart.o(.data)
    recv_end_flag                            0x20000029   Data           1  usart.o(.data)
    usart_dma_tx_over                        0x2000002a   Data           1  usart.o(.data)
    uwTickFreq                               0x2000002c   Data           1  stm32f1xx_hal.o(.data)
    uwTickPrio                               0x20000030   Data           4  stm32f1xx_hal.o(.data)
    uwTick                                   0x20000034   Data           4  stm32f1xx_hal.o(.data)
    SystemCoreClock                          0x20000070   Data           4  system_stm32f1xx.o(.data)
    pxCurrentTCB                             0x20000074   Data           4  tasks.o(.data)
    htim1                                    0x2000032c   Data          72  tim.o(.bss)
    htim3                                    0x20000374   Data          72  tim.o(.bss)
    htim4                                    0x200003bc   Data          72  tim.o(.bss)
    rx_buffer                                0x20000404   Data          10  usart.o(.bss)
    huart1                                   0x200004d8   Data          72  usart.o(.bss)
    hdma_usart1_rx                           0x20000520   Data          68  usart.o(.bss)
    hdma_usart1_tx                           0x20000564   Data          68  usart.o(.bss)
    htim2                                    0x200005a8   Data          72  stm32f1xx_hal_timebase_tim.o(.bss)
    __initial_sp                             0x200018a0   Data           0  startup_stm32f103xb.o(STACK)



==============================================================================

Memory Map of the image

  Image Entry point : 0x080000ed

  Load Region LR_IROM1 (Base: 0x08000000, Size: 0x00007c80, Max: 0x00010000, ABSOLUTE)

    Execution Region ER_IROM1 (Exec base: 0x08000000, Load base: 0x08000000, Size: 0x00007ba8, Max: 0x00010000, ABSOLUTE)

    Exec Addr    Load Addr    Size         Type   Attr      Idx    E Section Name        Object

    0x08000000   0x08000000   0x000000ec   Data   RO            3    RESET               startup_stm32f103xb.o
    0x080000ec   0x080000ec   0x00000000   Code   RO         5227  * .ARM.Collect$$$$00000000  mc_w.l(entry.o)
    0x080000ec   0x080000ec   0x00000004   Code   RO         5337    .ARM.Collect$$$$00000001  mc_w.l(entry2.o)
    0x080000f0   0x080000f0   0x00000004   Code   RO         5340    .ARM.Collect$$$$00000004  mc_w.l(entry5.o)
    0x080000f4   0x080000f4   0x00000000   Code   RO         5342    .ARM.Collect$$$$00000008  mc_w.l(entry7b.o)
    0x080000f4   0x080000f4   0x00000000   Code   RO         5344    .ARM.Collect$$$$0000000A  mc_w.l(entry8b.o)
    0x080000f4   0x080000f4   0x00000008   Code   RO         5345    .ARM.Collect$$$$0000000B  mc_w.l(entry9a.o)
    0x080000fc   0x080000fc   0x00000004   Code   RO         5352    .ARM.Collect$$$$0000000E  mc_w.l(entry12b.o)
    0x08000100   0x08000100   0x00000000   Code   RO         5347    .ARM.Collect$$$$0000000F  mc_w.l(entry10a.o)
    0x08000100   0x08000100   0x00000000   Code   RO         5349    .ARM.Collect$$$$00000011  mc_w.l(entry11a.o)
    0x08000100   0x08000100   0x00000004   Code   RO         5338    .ARM.Collect$$$$00002712  mc_w.l(entry2.o)
    0x08000104   0x08000104   0x00000096   Code   RO         5132    .emb_text           port.o
    0x0800019a   0x0800019a   0x00000002   PAD
    0x0800019c   0x0800019c   0x00000024   Code   RO            4    .text               startup_stm32f103xb.o
    0x080001c0   0x080001c0   0x00000020   Code   RO         5232    .text               mc_w.l(llushr.o)
    0x080001e0   0x080001e0   0x00000024   Code   RO         5234    .text               mc_w.l(memcpya.o)
    0x08000204   0x08000204   0x00000024   Code   RO         5238    .text               mc_w.l(memseta.o)
    0x08000228   0x08000228   0x0000001a   Code   RO         5240    .text               mc_w.l(memcmp.o)
    0x08000242   0x08000242   0x000000b0   Code   RO         5272    .text               mf_w.l(fadd.o)
    0x080002f2   0x080002f2   0x00000064   Code   RO         5274    .text               mf_w.l(fmul.o)
    0x08000356   0x08000356   0x0000007c   Code   RO         5276    .text               mf_w.l(fdiv.o)
    0x080003d2   0x080003d2   0x00000018   Code   RO         5278    .text               mf_w.l(fscalb.o)
    0x080003ea   0x080003ea   0x0000014e   Code   RO         5280    .text               mf_w.l(dadd.o)
    0x08000538   0x08000538   0x000000e4   Code   RO         5282    .text               mf_w.l(dmul.o)
    0x0800061c   0x0800061c   0x000000de   Code   RO         5284    .text               mf_w.l(ddiv.o)
    0x080006fa   0x080006fa   0x00000012   Code   RO         5286    .text               mf_w.l(fflti.o)
    0x0800070c   0x0800070c   0x0000000a   Code   RO         5288    .text               mf_w.l(ffltui.o)
    0x08000716   0x08000716   0x00000032   Code   RO         5292    .text               mf_w.l(ffixi.o)
    0x08000748   0x08000748   0x00000028   Code   RO         5294    .text               mf_w.l(ffixui.o)
    0x08000770   0x08000770   0x00000026   Code   RO         5296    .text               mf_w.l(f2d.o)
    0x08000796   0x08000796   0x00000038   Code   RO         5298    .text               mf_w.l(d2f.o)
    0x080007ce   0x080007ce   0x0000001e   Code   RO         5360    .text               mc_w.l(llshl.o)
    0x080007ec   0x080007ec   0x00000024   Code   RO         5362    .text               mc_w.l(llsshr.o)
    0x08000810   0x08000810   0x00000000   Code   RO         5371    .text               mc_w.l(iusefp.o)
    0x08000810   0x08000810   0x0000006e   Code   RO         5372    .text               mf_w.l(fepilogue.o)
    0x0800087e   0x0800087e   0x000000ba   Code   RO         5374    .text               mf_w.l(depilogue.o)
    0x08000938   0x08000938   0x0000002e   Code   RO         5376    .text               mf_w.l(dscalb.o)
    0x08000966   0x08000966   0x00000002   PAD
    0x08000968   0x08000968   0x00000030   Code   RO         5380    .text               mf_w.l(cdcmple.o)
    0x08000998   0x08000998   0x00000024   Code   RO         5384    .text               mc_w.l(init.o)
    0x080009bc   0x080009bc   0x000000a2   Code   RO         5388    .text               mf_w.l(dsqrt.o)
    0x08000a5e   0x08000a5e   0x00000002   Code   RO          473    i.BusFault_Handler  stm32f1xx_it.o
    0x08000a60   0x08000a60   0x0000000c   Code   RO          474    i.DMA1_Channel4_IRQHandler  stm32f1xx_it.o
    0x08000a6c   0x08000a6c   0x0000000c   Code   RO          475    i.DMA1_Channel5_IRQHandler  stm32f1xx_it.o
    0x08000a78   0x08000a78   0x0000002a   Code   RO         1052    i.DMA_SetConfig     stm32f1xx_hal_dma.o
    0x08000aa2   0x08000aa2   0x00000002   Code   RO          476    i.DebugMon_Handler  stm32f1xx_it.o
    0x08000aa4   0x08000aa4   0x00000006   Code   RO          477    i.EXTI9_5_IRQHandler  stm32f1xx_it.o
    0x08000aaa   0x08000aaa   0x00000004   Code   RO           13    i.Error_Handler     main.o
    0x08000aae   0x08000aae   0x0000000a   Code   RO         3826    i.GFP_abs           control.o
    0x08000ab8   0x08000ab8   0x00000024   Code   RO         3827    i.Get_encoder       control.o
    0x08000adc   0x08000adc   0x00000046   Code   RO         1053    i.HAL_DMA_Abort     stm32f1xx_hal_dma.o
    0x08000b22   0x08000b22   0x00000002   PAD
    0x08000b24   0x08000b24   0x00000098   Code   RO         1054    i.HAL_DMA_Abort_IT  stm32f1xx_hal_dma.o
    0x08000bbc   0x08000bbc   0x00000154   Code   RO         1058    i.HAL_DMA_IRQHandler  stm32f1xx_hal_dma.o
    0x08000d10   0x08000d10   0x0000005c   Code   RO         1059    i.HAL_DMA_Init      stm32f1xx_hal_dma.o
    0x08000d6c   0x08000d6c   0x00000070   Code   RO         1063    i.HAL_DMA_Start_IT  stm32f1xx_hal_dma.o
    0x08000ddc   0x08000ddc   0x00000024   Code   RO          679    i.HAL_Delay         stm32f1xx_hal.o
    0x08000e00   0x08000e00   0x00000002   Code   RO          987    i.HAL_GPIO_EXTI_Callback  stm32f1xx_hal_gpio.o
    0x08000e02   0x08000e02   0x00000002   PAD
    0x08000e04   0x08000e04   0x00000018   Code   RO          988    i.HAL_GPIO_EXTI_IRQHandler  stm32f1xx_hal_gpio.o
    0x08000e1c   0x08000e1c   0x000001e0   Code   RO          989    i.HAL_GPIO_Init     stm32f1xx_hal_gpio.o
    0x08000ffc   0x08000ffc   0x0000000a   Code   RO          991    i.HAL_GPIO_ReadPin  stm32f1xx_hal_gpio.o
    0x08001006   0x08001006   0x0000000a   Code   RO          993    i.HAL_GPIO_WritePin  stm32f1xx_hal_gpio.o
    0x08001010   0x08001010   0x0000000c   Code   RO          683    i.HAL_GetTick       stm32f1xx_hal.o
    0x0800101c   0x0800101c   0x00000010   Code   RO          689    i.HAL_IncTick       stm32f1xx_hal.o
    0x0800102c   0x0800102c   0x00000024   Code   RO          690    i.HAL_Init          stm32f1xx_hal.o
    0x08001050   0x08001050   0x00000098   Code   RO          597    i.HAL_InitTick      stm32f1xx_hal_timebase_tim.o
    0x080010e8   0x080010e8   0x00000048   Code   RO          573    i.HAL_MspInit       stm32f1xx_hal_msp.o
    0x08001130   0x08001130   0x0000001a   Code   RO         1149    i.HAL_NVIC_EnableIRQ  stm32f1xx_hal_cortex.o
    0x0800114a   0x0800114a   0x00000002   PAD
    0x0800114c   0x0800114c   0x00000040   Code   RO         1155    i.HAL_NVIC_SetPriority  stm32f1xx_hal_cortex.o
    0x0800118c   0x0800118c   0x00000024   Code   RO         1156    i.HAL_NVIC_SetPriorityGrouping  stm32f1xx_hal_cortex.o
    0x080011b0   0x080011b0   0x0000012c   Code   RO          847    i.HAL_RCC_ClockConfig  stm32f1xx_hal_rcc.o
    0x080012dc   0x080012dc   0x00000040   Code   RO          851    i.HAL_RCC_GetClockConfig  stm32f1xx_hal_rcc.o
    0x0800131c   0x0800131c   0x00000020   Code   RO          854    i.HAL_RCC_GetPCLK1Freq  stm32f1xx_hal_rcc.o
    0x0800133c   0x0800133c   0x00000020   Code   RO          855    i.HAL_RCC_GetPCLK2Freq  stm32f1xx_hal_rcc.o
    0x0800135c   0x0800135c   0x0000004c   Code   RO          856    i.HAL_RCC_GetSysClockFreq  stm32f1xx_hal_rcc.o
    0x080013a8   0x080013a8   0x00000320   Code   RO          859    i.HAL_RCC_OscConfig  stm32f1xx_hal_rcc.o
    0x080016c8   0x080016c8   0x00000002   Code   RO         2355    i.HAL_TIMEx_BreakCallback  stm32f1xx_hal_tim_ex.o
    0x080016ca   0x080016ca   0x00000002   Code   RO         2356    i.HAL_TIMEx_CommutCallback  stm32f1xx_hal_tim_ex.o
    0x080016cc   0x080016cc   0x00000054   Code   RO         2358    i.HAL_TIMEx_ConfigBreakDeadTime  stm32f1xx_hal_tim_ex.o
    0x08001720   0x08001720   0x00000068   Code   RO         2374    i.HAL_TIMEx_MasterConfigSynchronization  stm32f1xx_hal_tim_ex.o
    0x08001788   0x08001788   0x0000005a   Code   RO         1651    i.HAL_TIM_Base_Init  stm32f1xx_hal_tim.o
    0x080017e2   0x080017e2   0x00000002   PAD
    0x080017e4   0x080017e4   0x00000028   Code   RO          338    i.HAL_TIM_Base_MspInit  tim.o
    0x0800180c   0x0800180c   0x00000058   Code   RO         1656    i.HAL_TIM_Base_Start_IT  stm32f1xx_hal_tim.o
    0x08001864   0x08001864   0x000000dc   Code   RO         1660    i.HAL_TIM_ConfigClockSource  stm32f1xx_hal_tim.o
    0x08001940   0x08001940   0x000000a4   Code   RO         1672    i.HAL_TIM_Encoder_Init  stm32f1xx_hal_tim.o
    0x080019e4   0x080019e4   0x000000ac   Code   RO          340    i.HAL_TIM_Encoder_MspInit  tim.o
    0x08001a90   0x08001a90   0x0000008e   Code   RO         1675    i.HAL_TIM_Encoder_Start  stm32f1xx_hal_tim.o
    0x08001b1e   0x08001b1e   0x00000002   Code   RO         1685    i.HAL_TIM_IC_CaptureCallback  stm32f1xx_hal_tim.o
    0x08001b20   0x08001b20   0x00000166   Code   RO         1699    i.HAL_TIM_IRQHandler  stm32f1xx_hal_tim.o
    0x08001c86   0x08001c86   0x00000002   PAD
    0x08001c88   0x08001c88   0x0000004c   Code   RO          341    i.HAL_TIM_MspPostInit  tim.o
    0x08001cd4   0x08001cd4   0x00000002   Code   RO         1702    i.HAL_TIM_OC_DelayElapsedCallback  stm32f1xx_hal_tim.o
    0x08001cd6   0x08001cd6   0x000000cc   Code   RO         1723    i.HAL_TIM_PWM_ConfigChannel  stm32f1xx_hal_tim.o
    0x08001da2   0x08001da2   0x0000005a   Code   RO         1726    i.HAL_TIM_PWM_Init  stm32f1xx_hal_tim.o
    0x08001dfc   0x08001dfc   0x00000002   Code   RO         1728    i.HAL_TIM_PWM_MspInit  stm32f1xx_hal_tim.o
    0x08001dfe   0x08001dfe   0x00000002   Code   RO         1729    i.HAL_TIM_PWM_PulseFinishedCallback  stm32f1xx_hal_tim.o
    0x08001e00   0x08001e00   0x0000009c   Code   RO         1731    i.HAL_TIM_PWM_Start  stm32f1xx_hal_tim.o
    0x08001e9c   0x08001e9c   0x0000000e   Code   RO           14    i.HAL_TIM_PeriodElapsedCallback  main.o
    0x08001eaa   0x08001eaa   0x00000002   Code   RO         1742    i.HAL_TIM_TriggerCallback  stm32f1xx_hal_tim.o
    0x08001eac   0x08001eac   0x00000002   Code   RO         2634    i.HAL_UARTEx_RxEventCallback  stm32f1xx_hal_uart.o
    0x08001eae   0x08001eae   0x00000070   Code   RO         2646    i.HAL_UART_DMAStop  stm32f1xx_hal_uart.o
    0x08001f1e   0x08001f1e   0x00000002   Code   RO         2648    i.HAL_UART_ErrorCallback  stm32f1xx_hal_uart.o
    0x08001f20   0x08001f20   0x0000026c   Code   RO         2651    i.HAL_UART_IRQHandler  stm32f1xx_hal_uart.o
    0x0800218c   0x0800218c   0x00000064   Code   RO         2652    i.HAL_UART_Init     stm32f1xx_hal_uart.o
    0x080021f0   0x080021f0   0x000000dc   Code   RO          410    i.HAL_UART_MspInit  usart.o
    0x080022cc   0x080022cc   0x0000001c   Code   RO         2656    i.HAL_UART_Receive_DMA  stm32f1xx_hal_uart.o
    0x080022e8   0x080022e8   0x00000002   Code   RO         2658    i.HAL_UART_RxCpltCallback  stm32f1xx_hal_uart.o
    0x080022ea   0x080022ea   0x00000002   Code   RO         2659    i.HAL_UART_RxHalfCpltCallback  stm32f1xx_hal_uart.o
    0x080022ec   0x080022ec   0x00000018   Code   RO          411    i.HAL_UART_TxCpltCallback  usart.o
    0x08002304   0x08002304   0x00000002   Code   RO          478    i.HardFault_Handler  stm32f1xx_it.o
    0x08002306   0x08002306   0x00000016   Code   RO         3828    i.Limit             control.o
    0x0800231c   0x0800231c   0x00000034   Code   RO         3829    i.Load              control.o
    0x08002350   0x08002350   0x00000032   Code   RO         3656    i.MPU_Get_Gyroscope  mpu6050.o
    0x08002382   0x08002382   0x00000002   PAD
    0x08002384   0x08002384   0x0000004c   Code   RO         3744    i.MPU_IIC_Ack       mpuiic.o
    0x080023d0   0x080023d0   0x0000004c   Code   RO         3747    i.MPU_IIC_NAck      mpuiic.o
    0x0800241c   0x0800241c   0x0000006c   Code   RO         3748    i.MPU_IIC_Read_Byte  mpuiic.o
    0x08002488   0x08002488   0x00000010   Code   RO         3749    i.MPU_IIC_SDA       mpuiic.o
    0x08002498   0x08002498   0x0000005c   Code   RO         3750    i.MPU_IIC_Send_Byte  mpuiic.o
    0x080024f4   0x080024f4   0x00000048   Code   RO         3751    i.MPU_IIC_Start     mpuiic.o
    0x0800253c   0x0800253c   0x00000048   Code   RO         3752    i.MPU_IIC_Stop      mpuiic.o
    0x08002584   0x08002584   0x00000064   Code   RO         3753    i.MPU_IIC_Wait_Ack  mpuiic.o
    0x080025e8   0x080025e8   0x00000072   Code   RO         3658    i.MPU_Init          mpu6050.o
    0x0800265a   0x0800265a   0x0000003a   Code   RO         3659    i.MPU_Read_Byte     mpu6050.o
    0x08002694   0x08002694   0x0000006c   Code   RO         3660    i.MPU_Read_Len      mpu6050.o
    0x08002700   0x08002700   0x0000000a   Code   RO         3661    i.MPU_Set_Accel_Fsr  mpu6050.o
    0x0800270a   0x0800270a   0x0000000a   Code   RO         3662    i.MPU_Set_Gyro_Fsr  mpu6050.o
    0x08002714   0x08002714   0x00000030   Code   RO         3663    i.MPU_Set_LPF       mpu6050.o
    0x08002744   0x08002744   0x0000002e   Code   RO         3664    i.MPU_Set_Rate      mpu6050.o
    0x08002772   0x08002772   0x0000003c   Code   RO         3665    i.MPU_Write_Byte    mpu6050.o
    0x080027ae   0x080027ae   0x00000052   Code   RO         3666    i.MPU_Write_Len     mpu6050.o
    0x08002800   0x08002800   0x0000003c   Code   RO          313    i.MX_DMA_Init       dma.o
    0x0800283c   0x0800283c   0x0000013c   Code   RO          251    i.MX_FREERTOS_Init  freertos.o
    0x08002978   0x08002978   0x000000bc   Code   RO          227    i.MX_GPIO_Init      gpio.o
    0x08002a34   0x08002a34   0x000000d8   Code   RO          342    i.MX_TIM1_Init      tim.o
    0x08002b0c   0x08002b0c   0x00000068   Code   RO          343    i.MX_TIM3_Init      tim.o
    0x08002b74   0x08002b74   0x00000068   Code   RO          344    i.MX_TIM4_Init      tim.o
    0x08002bdc   0x08002bdc   0x0000004c   Code   RO          412    i.MX_USART1_UART_Init  usart.o
    0x08002c28   0x08002c28   0x00000010   Code   RO         3754    i.MY_Delay_us       mpuiic.o
    0x08002c38   0x08002c38   0x00000002   Code   RO          479    i.MemManage_Handler  stm32f1xx_it.o
    0x08002c3a   0x08002c3a   0x00000002   Code   RO          480    i.NMI_Handler       stm32f1xx_it.o
    0x08002c3c   0x08002c3c   0x00000026   Code   RO         3006    i.OLED_Clear        oled.o
    0x08002c62   0x08002c62   0x00000002   PAD
    0x08002c64   0x08002c64   0x00000020   Code   RO         3007    i.OLED_I2C_Init     oled.o
    0x08002c84   0x08002c84   0x00000054   Code   RO         3008    i.OLED_I2C_SendByte  oled.o
    0x08002cd8   0x08002cd8   0x00000034   Code   RO         3009    i.OLED_I2C_Start    oled.o
    0x08002d0c   0x08002d0c   0x0000002c   Code   RO         3010    i.OLED_I2C_Stop     oled.o
    0x08002d38   0x08002d38   0x000000ac   Code   RO         3011    i.OLED_Init         oled.o
    0x08002de4   0x08002de4   0x0000000e   Code   RO         3012    i.OLED_Pow          oled.o
    0x08002df2   0x08002df2   0x00000022   Code   RO         3013    i.OLED_SetCursor    oled.o
    0x08002e14   0x08002e14   0x00000068   Code   RO         3015    i.OLED_ShowChar     oled.o
    0x08002e7c   0x08002e7c   0x00000058   Code   RO         3018    i.OLED_ShowSignedNum  oled.o
    0x08002ed4   0x08002ed4   0x00000022   Code   RO         3020    i.OLED_WriteCommand  oled.o
    0x08002ef6   0x08002ef6   0x00000022   Code   RO         3021    i.OLED_WriteData    oled.o
    0x08002f18   0x08002f18   0x0000008a   Code   RO         3830    i.Set_PID_Speed     control.o
    0x08002fa2   0x08002fa2   0x00000038   Code   RO         3831    i.Set_PID_UP        control.o
    0x08002fda   0x08002fda   0x00000002   PAD
    0x08002fdc   0x08002fdc   0x00000040   Code   RO         3832    i.Set_PWM1          control.o
    0x0800301c   0x0800301c   0x00000040   Code   RO         3833    i.Set_PWM2          control.o
    0x0800305c   0x0800305c   0x000000d0   Code   RO          252    i.StartDefaultTask  freertos.o
    0x0800312c   0x0800312c   0x00000130   Code   RO          253    i.StartTask02       freertos.o
    0x0800325c   0x0800325c   0x00000002   Code   RO          254    i.StartTask03       freertos.o
    0x0800325e   0x0800325e   0x00000002   PAD
    0x08003260   0x08003260   0x0000002c   Code   RO         5133    i.SysTick_Handler   port.o
    0x0800328c   0x0800328c   0x0000005e   Code   RO           15    i.SystemClock_Config  main.o
    0x080032ea   0x080032ea   0x00000002   Code   RO         3896    i.SystemInit        system_stm32f1xx.o
    0x080032ec   0x080032ec   0x0000000c   Code   RO          481    i.TIM2_IRQHandler   stm32f1xx_it.o
    0x080032f8   0x080032f8   0x0000000c   Code   RO          482    i.TIM3_IRQHandler   stm32f1xx_it.o
    0x08003304   0x08003304   0x0000000c   Code   RO          483    i.TIM4_IRQHandler   stm32f1xx_it.o
    0x08003310   0x08003310   0x0000006c   Code   RO         1744    i.TIM_Base_SetConfig  stm32f1xx_hal_tim.o
    0x0800337c   0x0800337c   0x0000001a   Code   RO         1745    i.TIM_CCxChannelCmd  stm32f1xx_hal_tim.o
    0x08003396   0x08003396   0x00000014   Code   RO         1755    i.TIM_ETR_SetConfig  stm32f1xx_hal_tim.o
    0x080033aa   0x080033aa   0x00000010   Code   RO         1756    i.TIM_ITRx_SetConfig  stm32f1xx_hal_tim.o
    0x080033ba   0x080033ba   0x00000002   PAD
    0x080033bc   0x080033bc   0x00000050   Code   RO         1757    i.TIM_OC1_SetConfig  stm32f1xx_hal_tim.o
    0x0800340c   0x0800340c   0x00000058   Code   RO         1758    i.TIM_OC2_SetConfig  stm32f1xx_hal_tim.o
    0x08003464   0x08003464   0x00000058   Code   RO         1759    i.TIM_OC3_SetConfig  stm32f1xx_hal_tim.o
    0x080034bc   0x080034bc   0x00000044   Code   RO         1760    i.TIM_OC4_SetConfig  stm32f1xx_hal_tim.o
    0x08003500   0x08003500   0x00000022   Code   RO         1762    i.TIM_TI1_ConfigInputStage  stm32f1xx_hal_tim.o
    0x08003522   0x08003522   0x00000024   Code   RO         1764    i.TIM_TI2_ConfigInputStage  stm32f1xx_hal_tim.o
    0x08003546   0x08003546   0x00000010   Code   RO         2665    i.UART_DMAAbortOnError  stm32f1xx_hal_uart.o
    0x08003556   0x08003556   0x0000004a   Code   RO         2666    i.UART_DMAError     stm32f1xx_hal_uart.o
    0x080035a0   0x080035a0   0x00000086   Code   RO         2667    i.UART_DMAReceiveCplt  stm32f1xx_hal_uart.o
    0x08003626   0x08003626   0x0000001e   Code   RO         2669    i.UART_DMARxHalfCplt  stm32f1xx_hal_uart.o
    0x08003644   0x08003644   0x0000004e   Code   RO         2675    i.UART_EndRxTransfer  stm32f1xx_hal_uart.o
    0x08003692   0x08003692   0x0000001c   Code   RO         2676    i.UART_EndTxTransfer  stm32f1xx_hal_uart.o
    0x080036ae   0x080036ae   0x000000c2   Code   RO         2677    i.UART_Receive_IT   stm32f1xx_hal_uart.o
    0x08003770   0x08003770   0x000000b8   Code   RO         2678    i.UART_SetConfig    stm32f1xx_hal_uart.o
    0x08003828   0x08003828   0x00000090   Code   RO         2679    i.UART_Start_Receive_DMA  stm32f1xx_hal_uart.o
    0x080038b8   0x080038b8   0x00000048   Code   RO          484    i.USART1_IRQHandler  stm32f1xx_it.o
    0x08003900   0x08003900   0x00000002   Code   RO          485    i.UsageFault_Handler  stm32f1xx_it.o
    0x08003902   0x08003902   0x00000028   Code   RO         5324    i.__ARM_fpclassify  m_ws.l(fpclassify.o)
    0x0800392a   0x0800392a   0x00000020   Code   RO         1162    i.__NVIC_SetPriority  stm32f1xx_hal_cortex.o
    0x0800394a   0x0800394a   0x000000aa   Code   RO         5326    i.__kernel_poly     m_ws.l(poly.o)
    0x080039f4   0x080039f4   0x00000006   Code   RO         5311    i.__mathlib_dbl_infnan  m_ws.l(dunder.o)
    0x080039fa   0x080039fa   0x00000004   Code   RO         5312    i.__mathlib_dbl_infnan2  m_ws.l(dunder.o)
    0x080039fe   0x080039fe   0x0000000c   Code   RO         5313    i.__mathlib_dbl_invalid  m_ws.l(dunder.o)
    0x08003a0a   0x08003a0a   0x00000002   PAD
    0x08003a0c   0x08003a0c   0x00000010   Code   RO         5316    i.__mathlib_dbl_underflow  m_ws.l(dunder.o)
    0x08003a1c   0x08003a1c   0x0000000e   Code   RO         5392    i.__scatterload_copy  mc_w.l(handlers.o)
    0x08003a2a   0x08003a2a   0x00000002   Code   RO         5393    i.__scatterload_null  mc_w.l(handlers.o)
    0x08003a2c   0x08003a2c   0x0000000e   Code   RO         5394    i.__scatterload_zeroinit  mc_w.l(handlers.o)
    0x08003a3a   0x08003a3a   0x00000002   PAD
    0x08003a3c   0x08003a3c   0x0000000c   Code   RO         5366    i.__set_errno       mc_w.l(errno.o)
    0x08003a48   0x08003a48   0x00000270   Code   RO         5210    i.asin              m_ws.l(asin.o)
    0x08003cb8   0x08003cb8   0x00000220   Code   RO         5301    i.atan              m_ws.l(atan.o)
    0x08003ed8   0x08003ed8   0x0000019c   Code   RO         5220    i.atan2             m_ws.l(atan2.o)
    0x08004074   0x08004074   0x0000003a   Code   RO         3465    i.dmp_enable_6x_lp_quat  inv_mpu_dmp_motion_driver.o
    0x080040ae   0x080040ae   0x00000002   PAD
    0x080040b0   0x080040b0   0x000001d8   Code   RO         3466    i.dmp_enable_feature  inv_mpu_dmp_motion_driver.o
    0x08004288   0x08004288   0x0000003c   Code   RO         3467    i.dmp_enable_gyro_cal  inv_mpu_dmp_motion_driver.o
    0x080042c4   0x080042c4   0x0000003a   Code   RO         3468    i.dmp_enable_lp_quat  inv_mpu_dmp_motion_driver.o
    0x080042fe   0x080042fe   0x00000002   PAD
    0x08004300   0x08004300   0x00000014   Code   RO         3473    i.dmp_load_motion_driver_firmware  inv_mpu_dmp_motion_driver.o
    0x08004314   0x08004314   0x00000164   Code   RO         3474    i.dmp_read_fifo     inv_mpu_dmp_motion_driver.o
    0x08004478   0x08004478   0x00000064   Code   RO         3478    i.dmp_set_fifo_rate  inv_mpu_dmp_motion_driver.o
    0x080044dc   0x080044dc   0x0000010c   Code   RO         3481    i.dmp_set_orientation  inv_mpu_dmp_motion_driver.o
    0x080045e8   0x080045e8   0x00000030   Code   RO         3484    i.dmp_set_shake_reject_thresh  inv_mpu_dmp_motion_driver.o
    0x08004618   0x08004618   0x00000020   Code   RO         3485    i.dmp_set_shake_reject_time  inv_mpu_dmp_motion_driver.o
    0x08004638   0x08004638   0x00000020   Code   RO         3486    i.dmp_set_shake_reject_timeout  inv_mpu_dmp_motion_driver.o
    0x08004658   0x08004658   0x00000040   Code   RO         3487    i.dmp_set_tap_axes  inv_mpu_dmp_motion_driver.o
    0x08004698   0x08004698   0x00000022   Code   RO         3488    i.dmp_set_tap_count  inv_mpu_dmp_motion_driver.o
    0x080046ba   0x080046ba   0x00000002   PAD
    0x080046bc   0x080046bc   0x00000128   Code   RO         3489    i.dmp_set_tap_thresh  inv_mpu_dmp_motion_driver.o
    0x080047e4   0x080047e4   0x00000020   Code   RO         3490    i.dmp_set_tap_time  inv_mpu_dmp_motion_driver.o
    0x08004804   0x08004804   0x00000020   Code   RO         3491    i.dmp_set_tap_time_multi  inv_mpu_dmp_motion_driver.o
    0x08004824   0x08004824   0x00000022   Code   RO         3124    i.inv_orientation_matrix_to_scalar  inv_mpu.o
    0x08004846   0x08004846   0x00000048   Code   RO         3125    i.inv_row_2_scale   inv_mpu.o
    0x0800488e   0x0800488e   0x0000002a   Code   RO           16    i.main              main.o
    0x080048b8   0x080048b8   0x0000000c   Code   RO         4704    i.makeFreeRtosPriority  cmsis_os.o
    0x080048c4   0x080048c4   0x00000002   Code   RO         3126    i.mget_ms           inv_mpu.o
    0x080048c6   0x080048c6   0x00000002   PAD
    0x080048c8   0x080048c8   0x00000054   Code   RO         3127    i.mpu_configure_fifo  inv_mpu.o
    0x0800491c   0x0800491c   0x0000019c   Code   RO         3128    i.mpu_dmp_get_data  inv_mpu.o
    0x08004ab8   0x08004ab8   0x00000094   Code   RO         3129    i.mpu_dmp_init      inv_mpu.o
    0x08004b4c   0x08004b4c   0x0000003c   Code   RO         3130    i.mpu_get_accel_fsr  inv_mpu.o
    0x08004b88   0x08004b88   0x00000124   Code   RO         3146    i.mpu_init          inv_mpu.o
    0x08004cac   0x08004cac   0x000000a0   Code   RO         3147    i.mpu_load_firmware  inv_mpu.o
    0x08004d4c   0x08004d4c   0x000000b8   Code   RO         3148    i.mpu_lp_accel_mode  inv_mpu.o
    0x08004e04   0x08004e04   0x00000090   Code   RO         3151    i.mpu_read_fifo_stream  inv_mpu.o
    0x08004e94   0x08004e94   0x00000054   Code   RO         3152    i.mpu_read_mem      inv_mpu.o
    0x08004ee8   0x08004ee8   0x00000160   Code   RO         3155    i.mpu_reset_fifo    inv_mpu.o
    0x08005048   0x08005048   0x00000068   Code   RO         3158    i.mpu_set_accel_fsr  inv_mpu.o
    0x080050b0   0x080050b0   0x000000dc   Code   RO         3159    i.mpu_set_bypass    inv_mpu.o
    0x0800518c   0x0800518c   0x00000078   Code   RO         3161    i.mpu_set_dmp_state  inv_mpu.o
    0x08005204   0x08005204   0x0000006c   Code   RO         3162    i.mpu_set_gyro_fsr  inv_mpu.o
    0x08005270   0x08005270   0x00000064   Code   RO         3163    i.mpu_set_int_latched  inv_mpu.o
    0x080052d4   0x080052d4   0x0000006c   Code   RO         3165    i.mpu_set_lpf       inv_mpu.o
    0x08005340   0x08005340   0x00000080   Code   RO         3166    i.mpu_set_sample_rate  inv_mpu.o
    0x080053c0   0x080053c0   0x000000b8   Code   RO         3167    i.mpu_set_sensors   inv_mpu.o
    0x08005478   0x08005478   0x00000054   Code   RO         3168    i.mpu_write_mem     inv_mpu.o
    0x080054cc   0x080054cc   0x0000000a   Code   RO         4709    i.osKernelStart     cmsis_os.o
    0x080054d6   0x080054d6   0x00000026   Code   RO         4718    i.osMessageCreate   cmsis_os.o
    0x080054fc   0x080054fc   0x00000054   Code   RO         4743    i.osThreadCreate    cmsis_os.o
    0x08005550   0x08005550   0x00000070   Code   RO         4389    i.prvAddCurrentTaskToDelayedList  tasks.o
    0x080055c0   0x080055c0   0x000000d0   Code   RO         4390    i.prvAddNewTaskToReadyList  tasks.o
    0x08005690   0x08005690   0x00000026   Code   RO         4074    i.prvCopyDataFromQueue  queue.o
    0x080056b6   0x080056b6   0x0000006c   Code   RO         4075    i.prvCopyDataToQueue  queue.o
    0x08005722   0x08005722   0x00000034   Code   RO         4391    i.prvDeleteTCB      tasks.o
    0x08005756   0x08005756   0x00000002   PAD
    0x08005758   0x08005758   0x00000048   Code   RO         5071    i.prvHeapInit       heap_4.o
    0x080057a0   0x080057a0   0x00000060   Code   RO         4392    i.prvIdleTask       tasks.o
    0x08005800   0x08005800   0x00000016   Code   RO         4077    i.prvInitialiseNewQueue  queue.o
    0x08005816   0x08005816   0x0000009c   Code   RO         4393    i.prvInitialiseNewTask  tasks.o
    0x080058b2   0x080058b2   0x00000002   PAD
    0x080058b4   0x080058b4   0x0000004c   Code   RO         5072    i.prvInsertBlockIntoFreeList  heap_4.o
    0x08005900   0x08005900   0x0000001c   Code   RO         4078    i.prvIsQueueEmpty   queue.o
    0x0800591c   0x0800591c   0x00000020   Code   RO         4394    i.prvResetNextTaskUnblockTime  tasks.o
    0x0800593c   0x0800593c   0x00000028   Code   RO         5134    i.prvTaskExitError  port.o
    0x08005964   0x08005964   0x0000006a   Code   RO         4079    i.prvUnlockQueue    queue.o
    0x080059ce   0x080059ce   0x00000002   PAD
    0x080059d0   0x080059d0   0x000000d8   Code   RO         5073    i.pvPortMalloc      heap_4.o
    0x08005aa8   0x08005aa8   0x00000024   Code   RO         5135    i.pxPortInitialiseStack  port.o
    0x08005acc   0x08005acc   0x00000058   Code   RO         3170    i.set_int_enable    inv_mpu.o
    0x08005b24   0x08005b24   0x0000004c   Code   RO         5330    i.sqrt              m_ws.l(sqrt.o)
    0x08005b70   0x08005b70   0x00000026   Code   RO         4034    i.uxListRemove      list.o
    0x08005b96   0x08005b96   0x00000002   PAD
    0x08005b98   0x08005b98   0x00000014   Code   RO          255    i.vApplicationGetIdleTaskMemory  freertos.o
    0x08005bac   0x08005bac   0x00000016   Code   RO         4035    i.vListInitialise   list.o
    0x08005bc2   0x08005bc2   0x00000006   Code   RO         4036    i.vListInitialiseItem  list.o
    0x08005bc8   0x08005bc8   0x00000030   Code   RO         4037    i.vListInsert       list.o
    0x08005bf8   0x08005bf8   0x00000018   Code   RO         4038    i.vListInsertEnd    list.o
    0x08005c10   0x08005c10   0x00000040   Code   RO         5137    i.vPortEnterCritical  port.o
    0x08005c50   0x08005c50   0x00000028   Code   RO         5138    i.vPortExitCritical  port.o
    0x08005c78   0x08005c78   0x0000005c   Code   RO         5074    i.vPortFree         heap_4.o
    0x08005cd4   0x08005cd4   0x00000024   Code   RO         5139    i.vPortSetupTimerInterrupt  port.o
    0x08005cf8   0x08005cf8   0x0000004c   Code   RO         4403    i.vTaskDelay        tasks.o
    0x08005d44   0x08005d44   0x0000008c   Code   RO         4404    i.vTaskDelayUntil   tasks.o
    0x08005dd0   0x08005dd0   0x00000010   Code   RO         4407    i.vTaskInternalSetTimeOutState  tasks.o
    0x08005de0   0x08005de0   0x0000000c   Code   RO         4408    i.vTaskMissedYield  tasks.o
    0x08005dec   0x08005dec   0x00000030   Code   RO         4410    i.vTaskPlaceOnEventList  tasks.o
    0x08005e1c   0x08005e1c   0x0000006c   Code   RO         4417    i.vTaskStartScheduler  tasks.o
    0x08005e88   0x08005e88   0x00000010   Code   RO         4419    i.vTaskSuspendAll   tasks.o
    0x08005e98   0x08005e98   0x0000005c   Code   RO         4420    i.vTaskSwitchContext  tasks.o
    0x08005ef4   0x08005ef4   0x000000a8   Code   RO         5141    i.xPortStartScheduler  port.o
    0x08005f9c   0x08005f9c   0x00000048   Code   RO         4088    i.xQueueGenericCreate  queue.o
    0x08005fe4   0x08005fe4   0x00000066   Code   RO         4089    i.xQueueGenericCreateStatic  queue.o
    0x0800604a   0x0800604a   0x00000002   PAD
    0x0800604c   0x0800604c   0x00000088   Code   RO         4090    i.xQueueGenericReset  queue.o
    0x080060d4   0x080060d4   0x00000160   Code   RO         4091    i.xQueueGenericSend  queue.o
    0x08006234   0x08006234   0x00000138   Code   RO         4098    i.xQueueReceive     queue.o
    0x0800636c   0x0800636c   0x00000074   Code   RO         4421    i.xTaskCheckForTimeOut  tasks.o
    0x080063e0   0x080063e0   0x0000005a   Code   RO         4422    i.xTaskCreate       tasks.o
    0x0800643a   0x0800643a   0x00000056   Code   RO         4423    i.xTaskCreateStatic  tasks.o
    0x08006490   0x08006490   0x0000001c   Code   RO         4427    i.xTaskGetSchedulerState  tasks.o
    0x080064ac   0x080064ac   0x0000000c   Code   RO         4428    i.xTaskGetTickCount  tasks.o
    0x080064b8   0x080064b8   0x000000c8   Code   RO         4430    i.xTaskIncrementTick  tasks.o
    0x08006580   0x08006580   0x00000098   Code   RO         4433    i.xTaskPriorityDisinherit  tasks.o
    0x08006618   0x08006618   0x00000074   Code   RO         4435    i.xTaskRemoveFromEventList  tasks.o
    0x0800668c   0x0800668c   0x000000c4   Code   RO         4436    i.xTaskResumeAll    tasks.o
    0x08006750   0x08006750   0x000000c4   Data   RO          257    .constdata          freertos.o
    0x08006814   0x08006814   0x00000012   Data   RO          860    .constdata          stm32f1xx_hal_rcc.o
    0x08006826   0x08006826   0x000005f0   Data   RO         3022    .constdata          oled.o
    0x08006e16   0x08006e16   0x0000001b   Data   RO         3172    .constdata          inv_mpu.o
    0x08006e31   0x08006e31   0x00000001   PAD
    0x08006e32   0x08006e32   0x0000000c   Data   RO         3173    .constdata          inv_mpu.o
    0x08006e3e   0x08006e3e   0x00000002   PAD
    0x08006e40   0x08006e40   0x00000028   Data   RO         3174    .constdata          inv_mpu.o
    0x08006e68   0x08006e68   0x00000bf6   Data   RO         3493    .constdata          inv_mpu_dmp_motion_driver.o
    0x08007a5e   0x08007a5e   0x00000010   Data   RO         3897    .constdata          system_stm32f1xx.o
    0x08007a6e   0x08007a6e   0x00000008   Data   RO         3898    .constdata          system_stm32f1xx.o
    0x08007a76   0x08007a76   0x00000002   PAD
    0x08007a78   0x08007a78   0x00000050   Data   RO         5211    .constdata          m_ws.l(asin.o)
    0x08007ac8   0x08007ac8   0x00000098   Data   RO         5302    .constdata          m_ws.l(atan.o)
    0x08007b60   0x08007b60   0x00000008   Data   RO         5328    .constdata          m_ws.l(qnan.o)
    0x08007b68   0x08007b68   0x00000020   Data   RO          258    .conststring        freertos.o
    0x08007b88   0x08007b88   0x00000020   Data   RO         5390    Region$$Table       anon$$obj.o


    Execution Region RW_IRAM1 (Exec base: 0x20000000, Load base: 0x08007ba8, Size: 0x000018a0, Max: 0x00005000, ABSOLUTE)

    Exec Addr    Load Addr    Size         Type   Attr      Idx    E Section Name        Object

    0x20000000   0x08007ba8   0x00000028   Data   RW          259    .data               freertos.o
    0x20000028   0x08007bd0   0x00000001   Data   RW          415    .data               usart.o
    0x20000029   0x08007bd1   0x00000001   Data   RW          416    .data               usart.o
    0x2000002a   0x08007bd2   0x00000001   Data   RW          417    .data               usart.o
    0x2000002b   0x08007bd3   0x00000001   PAD
    0x2000002c   0x08007bd4   0x0000000c   Data   RW          697    .data               stm32f1xx_hal.o
    0x20000038   0x08007be0   0x00000035   Data   RW         3175    .data               inv_mpu.o
    0x2000006d   0x08007c15   0x00000003   PAD
    0x20000070   0x08007c18   0x00000004   Data   RW         3899    .data               system_stm32f1xx.o
    0x20000074   0x08007c1c   0x0000003c   Data   RW         4439    .data               tasks.o
    0x200000b0   0x08007c58   0x00000018   Data   RW         5079    .data               heap_4.o
    0x200000c8   0x08007c70   0x0000000c   Data   RW         5142    .data               port.o
    0x200000d4   0x08007c7c   0x00000004   Data   RW         5367    .data               mc_w.l(errno.o)
    0x200000d8        -       0x00000254   Zero   RW          256    .bss                freertos.o
    0x2000032c        -       0x000000d8   Zero   RW          345    .bss                tim.o
    0x20000404        -       0x000001a4   Zero   RW          414    .bss                usart.o
    0x200005a8        -       0x00000048   Zero   RW          600    .bss                stm32f1xx_hal_timebase_tim.o
    0x200005f0        -       0x00000010   Zero   RW         3492    .bss                inv_mpu_dmp_motion_driver.o
    0x20000600        -       0x000000f0   Zero   RW         4438    .bss                tasks.o
    0x200006f0        -       0x00000dac   Zero   RW         5078    .bss                heap_4.o
    0x2000149c   0x08007c80   0x00000004   PAD
    0x200014a0        -       0x00000400   Zero   RW            1    STACK               startup_stm32f103xb.o


==============================================================================

Image component sizes


      Code (inc. data)   RO Data    RW Data    ZI Data      Debug   Object Name

       144          0          0          0          0      22101   cmsis_os.o
       442         24          0          0          0       5114   control.o
        60          4          0          0          0        702   dma.o
         0          0          0          0          0      18024   event_groups.o
       850         78        228         40        596       4524   freertos.o
       188         16          0          0          0        891   gpio.o
       456         22          0         24       3500       7015   heap_4.o
      3272        102         79         53          0      20684   inv_mpu.o
      1962        104       3062          0         16      17117   inv_mpu_dmp_motion_driver.o
       138          0          0          0          0       3210   list.o
       154          0          0          0          0     459092   main.o
       586          0          0          0          0       6209   mpu6050.o
       628         38          0          0          0       5171   mpuiic.o
       730         26       1520          0          0       7105   oled.o
       578         60          0         12          0       9988   port.o
      1276         14          0          0          0      11707   queue.o
        36          8        236          0       1024        772   startup_stm32f103xb.o
       100         18          0         12          0       5026   stm32f1xx_hal.o
       158         14          0          0          0      28030   stm32f1xx_hal_cortex.o
       808         36          0          0          0       4770   stm32f1xx_hal_dma.o
       526         40          0          0          0       4439   stm32f1xx_hal_gpio.o
        72         10          0          0          0        810   stm32f1xx_hal_msp.o
      1304         94         18          0          0       5517   stm32f1xx_hal_rcc.o
      2086         58          0          0          0      17133   stm32f1xx_hal_tim.o
       192         12          0          0          0       3033   stm32f1xx_hal_tim_ex.o
       152         18          0          0         72       1387   stm32f1xx_hal_timebase_tim.o
      1750         24          0          0          0      12159   stm32f1xx_hal_uart.o
       150         46          0          0          0       5788   stm32f1xx_it.o
         0          0          0          0          0        392   stream_buffer.o
         2          0         24          4          0       1023   system_stm32f1xx.o
      2160        162          0         60        240      22472   tasks.o
       712         70          0          0        216       4100   tim.o
       320         38          0          3        420       3454   usart.o

    ----------------------------------------------------------------------
     22032       1136       5204        212       6088     718959   Object Totals
         0          0         32          0          0          0   (incl. Generated)
        40          0          5          4          4          0   (incl. Padding)

    ----------------------------------------------------------------------

      Code (inc. data)   RO Data    RW Data    ZI Data      Debug   Library Member Name

       624         52         80          0          0        168   asin.o
       544         70        152          0          0        124   atan.o
       412         38          0          0          0        144   atan2.o
        38          6          0          0          0        272   dunder.o
        40          0          0          0          0         68   fpclassify.o
       170          0          0          0          0         96   poly.o
         0          0          8          0          0          0   qnan.o
        76          0          0          0          0         84   sqrt.o
         0          0          0          0          0          0   entry.o
         0          0          0          0          0          0   entry10a.o
         0          0          0          0          0          0   entry11a.o
         4          0          0          0          0          0   entry12b.o
         8          4          0          0          0          0   entry2.o
         4          0          0          0          0          0   entry5.o
         0          0          0          0          0          0   entry7b.o
         0          0          0          0          0          0   entry8b.o
         8          4          0          0          0          0   entry9a.o
        12          6          0          4          0         68   errno.o
        30          0          0          0          0          0   handlers.o
        36          8          0          0          0         68   init.o
         0          0          0          0          0          0   iusefp.o
        30          0          0          0          0         68   llshl.o
        36          0          0          0          0         68   llsshr.o
        32          0          0          0          0         68   llushr.o
        26          0          0          0          0         80   memcmp.o
        36          0          0          0          0         68   memcpya.o
        36          0          0          0          0        108   memseta.o
        48          0          0          0          0         68   cdcmple.o
        56          0          0          0          0         88   d2f.o
       334          0          0          0          0        148   dadd.o
       222          0          0          0          0        100   ddiv.o
       186          0          0          0          0        176   depilogue.o
       228          0          0          0          0         96   dmul.o
        46          0          0          0          0         80   dscalb.o
       162          0          0          0          0        100   dsqrt.o
        38          0          0          0          0         68   f2d.o
       176          0          0          0          0        140   fadd.o
       124          0          0          0          0         88   fdiv.o
       110          0          0          0          0        168   fepilogue.o
        50          0          0          0          0         68   ffixi.o
        40          0          0          0          0         68   ffixui.o
        18          0          0          0          0         68   fflti.o
        10          0          0          0          0         68   ffltui.o
       100          0          0          0          0         76   fmul.o
        24          0          0          0          0         68   fscalb.o

    ----------------------------------------------------------------------
      4180        188        240          4          0       3288   Library Totals
         6          0          0          0          0          0   (incl. Padding)

    ----------------------------------------------------------------------

      Code (inc. data)   RO Data    RW Data    ZI Data      Debug   Library Name

      1904        166        240          0          0        956   m_ws.l
       298         22          0          4          0        596   mc_w.l
      1972          0          0          0          0       1736   mf_w.l

    ----------------------------------------------------------------------
      4180        188        240          4          0       3288   Library Totals

    ----------------------------------------------------------------------

==============================================================================


      Code (inc. data)   RO Data    RW Data    ZI Data      Debug   

     26212       1324       5444        216       6088     708463   Grand Totals
     26212       1324       5444        216       6088     708463   ELF Image Totals
     26212       1324       5444        216          0          0   ROM Totals

==============================================================================

    Total RO  Size (Code + RO Data)                31656 (  30.91kB)
    Total RW  Size (RW Data + ZI Data)              6304 (   6.16kB)
    Total ROM Size (Code + RO Data + RW Data)      31872 (  31.13kB)

==============================================================================

